unsupported[extern]: an `extern` function is not emitted yet
  at tests/golden/unsupported/extern.hero:9:1
    |
  9 | extern function labs(x: int) -> int     #~ extern
    | ^
  note: no change to this file will fix this
  note: the backend emits `int`, `bool`, `f64`, `str`, `record`, `variant`, `if`, `while`, `match`, functions, and the built-ins `len`, `print`, `slice`, `to_str` — no other built-in is emitted yet
