error[ffi_incomplete_record]: `SA` does not name `x`, and `fixedbugs-151-unions.h` says the struct has it — a group's `record` IS the header's struct, so a field left out is a field C fills with zero
  at tests/golden/unsupported/fixedbugs-151-a-field-left-out-after-an-anonymous-union.hero:15:12
     |
  15 |     record SA  #~ ffi_incomplete_record
     |            ^^
  note: the assertions above check every field you DO name and cannot see one you leave out: every `SA` built here would carry a zero `x` into C, which is a value rather than a crash
