error[ffi_union_field]: this construction of `NUW` names `nu_small` and `nu_big`, which are the same bytes: `fixedbugs-151-unions.h` puts them in one union inside the struct, so C would keep only the one written last
  at tests/golden/unsupported/fixedbugs-151-two-arms-of-a-named-union-reached-through-macros-built.hero:29:9
     |
  29 |     n = NUW(kind: 1, nu_small: 2, nu_big: 3)  #~ ffi_union_field
     |         ^^^^^^^^^^^^^^^^^^^^^^^^^^^^^^^^^^^^
  note: a `record` over a C union names one or more of each union's members and reads any, and is built naming exactly one, an anonymous struct's fields counting as one (§ 13): name the one the program writes
