error[missing_fields]: this construction of `SA` leaves out `x`, which shares no byte with the fields it names, so C would build it with `x` zero: `fixedbugs-337-located.h` puts `x` in no union with any of those
  at tests/golden/unsupported/fixedbugs-337-a-construction-the-layout-check-refuses-past-a-byte-that-is-not-utf-8.hero:22:9
     |
  22 |     b = SA(kind: 2, f: 1.5)  #~ missing_fields
     |         ^^^^^^^^^^^^^^^^^^^
  note: a group's `record` is built naming every field outside the header's unions and exactly one member of each union, an anonymous struct's fields counting as one (§ 13)
