error[ffi_constant_type]: `PT_NO_Z` in `fixedbugs-094-values.h` cannot be a `Pt`: clang refuses the header's value at line 16: field designator 'z' does not refer to any field in type 'struct pt'
  at tests/golden/unsupported/fixedbugs-094-a-field-the-struct-does-not-have-is-told.hero:9:5
    |
  9 |     constant PT_NO_Z: Pt  #~ ffi_constant_type
    |     ^^^^^^^^^^^^^^^^^^^^
  note: `fixedbugs-094-values.h` line 16 reads `#define PT_NO_Z { .z = 1 }`
  note: a group's `constant` of a record is the value C builds when it initialises the header's `struct pt` with `PT_NO_Z` (§ 13): declare it at the record whose value the header spells, or name the header that spells `PT_NO_Z` for `struct pt`
