unsupported[unit_field]: `()` as the type of `Box.u` is not emitted yet
  at tests/golden/unsupported/fixedbugs-a-unit-field-reached-clang.hero:14:5
     |
  14 |     u: ()               #~ unit_field
     |     ^
  note: no change to this file will fix this
  note: the backend emits every type in the language, `if`, `while`, `for`, `match`, functions, and the built-ins `chars`, `join`, `keys`, `len`, `print`, `push`, `slice`, `sort`, `to_f64`, `to_int`, `to_str` — no other built-in is emitted yet

unsupported[unit_field]: `()` as the type of `Reply.nothing` is not emitted yet
  at tests/golden/unsupported/fixedbugs-a-unit-field-reached-clang.hero:18:9
     |
  18 |         nothing: ()     #~ unit_field
     |         ^^^^^^^
  note: no change to this file will fix this
  note: the backend emits every type in the language, `if`, `while`, `for`, `match`, functions, and the built-ins `chars`, `join`, `keys`, `len`, `print`, `push`, `slice`, `sort`, `to_f64`, `to_int`, `to_str` — no other built-in is emitted yet
