unsupported[str]: text (`str`) is not emitted yet
  at tests/golden/unsupported/three-capabilities.hero:6:11
    |
  6 |     print("a")              #~ str
    |           ^^^
  note: no change to this file will fix this
  note: the backend emits `int`, `bool`, `if`, `while`, functions and `print`

unsupported[array]: an array is not emitted yet
  at tests/golden/unsupported/three-capabilities.hero:8:5
    |
  8 |     xs = [1, 2]
    |     ^^^^^^^^^^^
  note: no change to this file will fix this
  note: the backend emits `int`, `bool`, `if`, `while`, functions and `print`

unsupported[f64]: floating-point arithmetic is not emitted yet
  at tests/golden/unsupported/three-capabilities.hero:11:5
     |
  11 |     y = 2.5
     |     ^^^^^^^
  note: no change to this file will fix this
  note: the backend emits `int`, `bool`, `if`, `while`, functions and `print`
