tests/golden/check/fixedbugs-205-a-closer-where-a-keys-colon-goes-names-the-brace.hero:19:14: error[expected_map_entry_colon]: expected `:` between a map's key and its value, found `)` — the `{` still open on the line above, at column 9: if this line is its last entry, write `}` for this `)`; if it closes on a line above, write its `}` there and delete this `)`
tests/golden/check/fixedbugs-205-a-closer-where-a-keys-colon-goes-names-the-brace.hero:23:6: error[expected_map_entry_colon]: expected `:` between a map's key and its value, found `]` — the `{` still open on the line above, at column 9: if this line is its last entry, write `}` for this `]`; if it closes on a line above, write its `}` there and delete this `]`
tests/golden/check/fixedbugs-205-a-closer-where-a-keys-colon-goes-names-the-brace.hero:26:18: error[expected_map_entry_colon]: expected `:` between a map's key and its value, found `)` — the `{` still open at column 9 of this line: write `}` for this `)`
tests/golden/check/fixedbugs-205-a-closer-where-a-keys-colon-goes-names-the-brace.hero:31:6: error[expected_map_entry_colon]: expected `:` between a map's key and its value, found `)` — the `{` still open on the line above, at column 11: if this line is its last entry, write `}` for this `)`; if it closes on a line above, write its `}` there and delete this `)`
tests/golden/check/fixedbugs-205-a-closer-where-a-keys-colon-goes-names-the-brace.hero:36:9: error[expected_map_entry_colon]: expected `:` between a map's key and its value, found `)` — the `{` still open on the line above, at column 9: if this line is its last entry, write `}` for this `)`; if it closes on a line above, write its `}` there and delete this `)`
tests/golden/check/fixedbugs-205-a-closer-where-a-keys-colon-goes-names-the-brace.hero:41:14: error[expected_map_entry_colon]: expected `:` between a map's key and its value, found `)` — the `{` still open on the line above, at column 9: if this line is its last entry, write `}` for this `)`; if it closes on a line above, write its `}` there and delete this `)`
tests/golden/check/fixedbugs-205-a-closer-where-a-keys-colon-goes-names-the-brace.hero:45:10: error[expected_separator]: expected `,` or a new line between one entry and the next, found `)` — the `{` still open on the line above, at column 9: if this line is its last entry, write `}` for this `)`; if it closes on a line above, write its `}` there and delete this `)`
