tests/golden/check/fixedbugs-200-a-declaration-among-a-variants-cases-is-read.hero:54:5: error[reserved_word]: `fn` is not a word in this language — a `variant` holds only its cases, and a `function` in it is declared at the top level of the file, taking the variant as a parameter
tests/golden/check/fixedbugs-200-a-declaration-among-a-variants-cases-is-read.hero:18:5: error[expected_case]: expected a case name, found `function` — a `variant` holds only its cases, one per line, each with its fields below it, and a `function` in it is declared at the top level of the file, taking the variant as a parameter
tests/golden/check/fixedbugs-200-a-declaration-among-a-variants-cases-is-read.hero:19:18: error[expected_expression]: expected an expression, found `)` — a value, a name, a call, `[`, `{`, `.case`, `if`, `match`, or `???`
tests/golden/check/fixedbugs-200-a-declaration-among-a-variants-cases-is-read.hero:22:5: error[expected_case]: expected a case name, found `function` — a `variant` holds only its cases, one per line, each with its fields below it, and a `function` in it is declared at the top level of the file, taking the variant as a parameter
tests/golden/check/fixedbugs-200-a-declaration-among-a-variants-cases-is-read.hero:23:18: error[expected_expression]: expected an expression, found `)` — a value, a name, a call, `[`, `{`, `.case`, `if`, `match`, or `???`
tests/golden/check/fixedbugs-200-a-declaration-among-a-variants-cases-is-read.hero:28:5: error[expected_case]: expected a case name, found `constant` — a `variant` holds only its cases, one per line, each with its fields below it, and a `constant` in it is declared at the top level of the file
tests/golden/check/fixedbugs-200-a-declaration-among-a-variants-cases-is-read.hero:29:36: error[expected_expression]: expected an expression, found end of line — a value, a name, a call, `[`, `{`, `.case`, `if`, `match`, or `???`
tests/golden/check/fixedbugs-200-a-declaration-among-a-variants-cases-is-read.hero:33:5: error[expected_case]: expected a case name, found `test` — a `variant` holds only its cases, one per line, each with its fields below it, and a `test` in it is declared at the top level of the file
tests/golden/check/fixedbugs-200-a-declaration-among-a-variants-cases-is-read.hero:34:43: error[expected_expression]: expected an expression, found end of line — a value, a name, a call, `[`, `{`, `.case`, `if`, `match`, or `???`
tests/golden/check/fixedbugs-200-a-declaration-among-a-variants-cases-is-read.hero:38:5: error[expected_case]: expected a case name, found `record` — a `variant` holds only its cases, one per line, each with its fields below it, and a `record` in it is declared at the top level of the file
tests/golden/check/fixedbugs-200-a-declaration-among-a-variants-cases-is-read.hero:39:11: error[expected_field_type]: expected `:` and the field's type, found a name (`i64`)
tests/golden/check/fixedbugs-200-a-declaration-among-a-variants-cases-is-read.hero:43:5: error[expected_case]: expected a case name, found `variant` — a `variant` holds only its cases, one per line, each with its fields below it, and a `variant` in it is declared at the top level of the file
tests/golden/check/fixedbugs-200-a-declaration-among-a-variants-cases-is-read.hero:44:11: error[expected_end_of_line]: expected the end of the line after the case `a`, found a name (`b`) — one case per line, its fields on the lines below it, one level deeper
tests/golden/check/fixedbugs-200-a-declaration-among-a-variants-cases-is-read.hero:48:5: error[expected_case]: expected a case name, found `function` — a `variant` holds only its cases, one per line, each with its fields below it, and a `function` in it is declared at the top level of the file, taking the variant as a parameter
tests/golden/check/fixedbugs-200-a-declaration-among-a-variants-cases-is-read.hero:50:5: error[missing_body]: the `function` `h` needs an indented body — one level deeper, exactly 4 spaces (found a name (`blue`))
tests/golden/check/fixedbugs-200-a-declaration-among-a-variants-cases-is-read.hero:55:18: error[expected_expression]: expected an expression, found `)` — a value, a name, a call, `[`, `{`, `.case`, `if`, `match`, or `???`
tests/golden/check/fixedbugs-200-a-declaration-among-a-variants-cases-is-read.hero:59:5: error[expected_case]: expected a case name, found `function` — a `variant` holds only its cases, one per line, each with its fields below it, and a `function` in it is declared at the top level of the file, taking the variant as a parameter
tests/golden/check/fixedbugs-200-a-declaration-among-a-variants-cases-is-read.hero:60:18: error[expected_expression]: expected an expression, found `)` — a value, a name, a call, `[`, `{`, `.case`, `if`, `match`, or `???`
tests/golden/check/fixedbugs-200-a-declaration-among-a-variants-cases-is-read.hero:61:10: error[expected_end_of_line]: expected the end of the line after the case `blue`, found a name (`x`) — one case per line, its fields on the lines below it, one level deeper
