tests/golden/check/fixedbugs-401-the-words-in-a-variant-case.hero:27:26: error[rest_outside_a_group]: `.circle` builds a case of a Heroes `variant`, and a construction of one names every field, always (§4.9): `rest: zero` ends only a construction of a group's `record`, whose layout is the header's
tests/golden/check/fixedbugs-401-the-words-in-a-variant-case.hero:30:5: error[unused_binding]: `zero` is bound and never read — remove the binding, or read it
tests/golden/check/fixedbugs-401-the-words-in-a-variant-case.hero:31:24: error[rest_outside_a_group]: `.ring` builds a case of a Heroes `variant`, and a construction of one names every field, always (§4.9): `rest: zero` ends only a construction of a group's `record`, whose layout is the header's
tests/golden/check/fixedbugs-401-the-words-in-a-variant-case.hero:36:24: error[rest_outside_a_group]: `.ring` builds a case of a Heroes `variant`, and a construction of one names every field, always (§4.9): `rest: zero` ends only a construction of a group's `record`, whose layout is the header's
tests/golden/check/fixedbugs-401-the-words-in-a-variant-case.hero:38:19: error[unused_binding]: the parameter `zero` is never read — remove it from the signature, or write `???` in the body while the function is unfinished
tests/golden/check/fixedbugs-401-the-words-in-a-variant-case.hero:39:18: error[rest_outside_a_group]: `.ring` builds a case of a Heroes `variant`, and a construction of one names every field, always (§4.9): `rest: zero` ends only a construction of a group's `record`, whose layout is the header's
tests/golden/check/fixedbugs-401-the-words-in-a-variant-case.hero:42:24: error[rest_outside_a_group]: `.ring` builds a case of a Heroes `variant`, and a construction of one names every field, always (§4.9): `rest: zero` ends only a construction of a group's `record`, whose layout is the header's
tests/golden/check/fixedbugs-401-the-words-in-a-variant-case.hero:42:36: error[rest_outside_a_group]: `.ring` builds a case of a Heroes `variant`, and a construction of one names every field, always (§4.9): `rest: zero` ends only a construction of a group's `record`, whose layout is the header's
