tests/golden/check/fixedbugs-132-a-backslash-joins-its-line-to-the-next.hero:16:24: error[unexpected_character]: `\` is not part of the language's syntax, and no line goes on past one: outside brackets a line ends its statement, and a long one breaks inside parentheses
tests/golden/check/fixedbugs-132-a-backslash-joins-its-line-to-the-next.hero:21:13: error[unexpected_character]: `\` is not part of the language's syntax, and no line goes on past one: outside brackets a line ends its statement, and a long one breaks inside parentheses
tests/golden/check/fixedbugs-132-a-backslash-joins-its-line-to-the-next.hero:28:17: error[unexpected_character]: `\` is not part of the language's syntax, and no line goes on past one: outside brackets a line ends its statement, and a long one breaks inside parentheses
tests/golden/check/fixedbugs-132-a-backslash-joins-its-line-to-the-next.hero:34:11: error[unexpected_character]: `\` is not part of the language's syntax, and no line goes on past one: outside brackets a line ends its statement, and a long one breaks inside parentheses
tests/golden/check/fixedbugs-132-a-backslash-joins-its-line-to-the-next.hero:40:13: error[unexpected_character]: `\` is not part of the language's syntax, and no line goes on past one: outside brackets a line ends its statement, and a long one breaks inside parentheses
tests/golden/check/fixedbugs-132-a-backslash-joins-its-line-to-the-next.hero:45:25: error[unexpected_character]: `\` is not part of the language's syntax, and no line goes on past one: outside brackets a line ends its statement, and a long one breaks inside parentheses
tests/golden/check/fixedbugs-132-a-backslash-joins-its-line-to-the-next.hero:51:9: error[unexpected_character]: `\` is not part of the language's syntax, and no line goes on past one: outside brackets a line ends its statement, and a long one breaks inside parentheses
tests/golden/check/fixedbugs-132-a-backslash-joins-its-line-to-the-next.hero:56:13: error[unexpected_character]: `\` is not part of the language's syntax, and no line goes on past one: outside brackets a line ends its statement, and a long one breaks inside parentheses
tests/golden/check/fixedbugs-132-a-backslash-joins-its-line-to-the-next.hero:62:12: error[unexpected_character]: `\` is not part of the language's syntax, and no line goes on past one: outside brackets a line ends its statement, and a long one breaks inside parentheses
tests/golden/check/fixedbugs-132-a-backslash-joins-its-line-to-the-next.hero:68:13: error[unexpected_character]: `\` is not part of the language's syntax, and no line goes on past one: outside brackets a line ends its statement, and a long one breaks inside parentheses
tests/golden/check/fixedbugs-132-a-backslash-joins-its-line-to-the-next.hero:75:17: error[unexpected_character]: `\` is not part of the language's syntax, and no line goes on past one: outside brackets a line ends its statement, and a long one breaks inside parentheses
tests/golden/check/fixedbugs-132-a-backslash-joins-its-line-to-the-next.hero:82:13: error[unexpected_character]: `\` is not part of the language's syntax, and no line goes on past one: outside brackets a line ends its statement, and a long one breaks inside parentheses
