tests/golden/check/fixedbugs-481-the-reports-a-lost-quote-holds-are-found-by-a-search.hero:19:10: error[unknown_escape]: `\q` is not an escape sequence — the escapes are \n \t \r \\ \"; write `\\` for a literal backslash
tests/golden/check/fixedbugs-481-the-reports-a-lost-quote-holds-are-found-by-a-search.hero:19:12: error[unknown_escape]: `\q` is not an escape sequence — the escapes are \n \t \r \\ \"; write `\\` for a literal backslash
tests/golden/check/fixedbugs-481-the-reports-a-lost-quote-holds-are-found-by-a-search.hero:19:14: error[unknown_escape]: `\q` is not an escape sequence — the escapes are \n \t \r \\ \"; write `\\` for a literal backslash
tests/golden/check/fixedbugs-481-the-reports-a-lost-quote-holds-are-found-by-a-search.hero:19:16: error[unknown_escape]: `\q` is not an escape sequence — the escapes are \n \t \r \\ \"; write `\\` for a literal backslash
tests/golden/check/fixedbugs-481-the-reports-a-lost-quote-holds-are-found-by-a-search.hero:19:18: error[unknown_escape]: `\q` is not an escape sequence — the escapes are \n \t \r \\ \"; write `\\` for a literal backslash
tests/golden/check/fixedbugs-481-the-reports-a-lost-quote-holds-are-found-by-a-search.hero:19:20: error[unknown_escape]: `\q` is not an escape sequence — the escapes are \n \t \r \\ \"; write `\\` for a literal backslash
tests/golden/check/fixedbugs-481-the-reports-a-lost-quote-holds-are-found-by-a-search.hero:19:22: error[unknown_escape]: `\q` is not an escape sequence — the escapes are \n \t \r \\ \"; write `\\` for a literal backslash
tests/golden/check/fixedbugs-481-the-reports-a-lost-quote-holds-are-found-by-a-search.hero:19:24: error[unknown_escape]: `\q` is not an escape sequence — the escapes are \n \t \r \\ \"; write `\\` for a literal backslash
tests/golden/check/fixedbugs-481-the-reports-a-lost-quote-holds-are-found-by-a-search.hero:19:26: error[unknown_escape]: `\q` is not an escape sequence — the escapes are \n \t \r \\ \"; write `\\` for a literal backslash
tests/golden/check/fixedbugs-481-the-reports-a-lost-quote-holds-are-found-by-a-search.hero:19:28: error[unknown_escape]: `\q` is not an escape sequence — the escapes are \n \t \r \\ \"; write `\\` for a literal backslash
tests/golden/check/fixedbugs-481-the-reports-a-lost-quote-holds-are-found-by-a-search.hero:19:30: error[unknown_escape]: `\q` is not an escape sequence — the escapes are \n \t \r \\ \"; write `\\` for a literal backslash
tests/golden/check/fixedbugs-481-the-reports-a-lost-quote-holds-are-found-by-a-search.hero:19:32: error[unknown_escape]: `\q` is not an escape sequence — the escapes are \n \t \r \\ \"; write `\\` for a literal backslash
tests/golden/check/fixedbugs-481-the-reports-a-lost-quote-holds-are-found-by-a-search.hero:22:19: error[unterminated_string]: this string never closes — strings are single-line, `"` to `"`
tests/golden/check/fixedbugs-481-the-reports-a-lost-quote-holds-are-found-by-a-search.hero:25:31: error[unterminated_string]: this string never closes — strings are single-line, `"` to `"`
tests/golden/check/fixedbugs-481-the-reports-a-lost-quote-holds-are-found-by-a-search.hero:28:43: error[unterminated_string]: this string never closes — strings are single-line, `"` to `"`
tests/golden/check/fixedbugs-481-the-reports-a-lost-quote-holds-are-found-by-a-search.hero:31:34: error[unterminated_string]: this string never closes — strings are single-line, `"` to `"`
tests/golden/check/fixedbugs-481-the-reports-a-lost-quote-holds-are-found-by-a-search.hero:34:9: error[char_literal]: a character literal holds exactly one character — one ASCII character ('a', '0', ' ') or one escape ('\n', '\t') — `'a, '` does not
tests/golden/check/fixedbugs-481-the-reports-a-lost-quote-holds-are-found-by-a-search.hero:34:15: error[unterminated_char]: this character literal never closes — write one character between single quotes: 'a'
tests/golden/check/fixedbugs-481-the-reports-a-lost-quote-holds-are-found-by-a-search.hero:37:19: error[unterminated_string]: this string never closes — strings are single-line, `"` to `"`
tests/golden/check/fixedbugs-481-the-reports-a-lost-quote-holds-are-found-by-a-search.hero:40:31: error[unterminated_string]: this string never closes — strings are single-line, `"` to `"`
tests/golden/check/fixedbugs-481-the-reports-a-lost-quote-holds-are-found-by-a-search.hero:43:43: error[unterminated_string]: this string never closes — strings are single-line, `"` to `"`
tests/golden/check/fixedbugs-481-the-reports-a-lost-quote-holds-are-found-by-a-search.hero:46:34: error[unterminated_string]: this string never closes — strings are single-line, `"` to `"`
tests/golden/check/fixedbugs-481-the-reports-a-lost-quote-holds-are-found-by-a-search.hero:49:9: error[char_literal]: a character literal holds exactly one character — one ASCII character ('a', '0', ' ') or one escape ('\n', '\t') — `'a, '` does not
tests/golden/check/fixedbugs-481-the-reports-a-lost-quote-holds-are-found-by-a-search.hero:49:15: error[unterminated_char]: this character literal never closes — write one character between single quotes: 'a'
tests/golden/check/fixedbugs-481-the-reports-a-lost-quote-holds-are-found-by-a-search.hero:52:19: error[unterminated_string]: this string never closes — strings are single-line, `"` to `"`
tests/golden/check/fixedbugs-481-the-reports-a-lost-quote-holds-are-found-by-a-search.hero:55:31: error[unterminated_string]: this string never closes — strings are single-line, `"` to `"`
tests/golden/check/fixedbugs-481-the-reports-a-lost-quote-holds-are-found-by-a-search.hero:58:43: error[unterminated_string]: this string never closes — strings are single-line, `"` to `"`
tests/golden/check/fixedbugs-481-the-reports-a-lost-quote-holds-are-found-by-a-search.hero:61:34: error[unterminated_string]: this string never closes — strings are single-line, `"` to `"`
tests/golden/check/fixedbugs-481-the-reports-a-lost-quote-holds-are-found-by-a-search.hero:64:9: error[char_literal]: a character literal holds exactly one character — one ASCII character ('a', '0', ' ') or one escape ('\n', '\t') — `'a, '` does not
tests/golden/check/fixedbugs-481-the-reports-a-lost-quote-holds-are-found-by-a-search.hero:64:15: error[unterminated_char]: this character literal never closes — write one character between single quotes: 'a'
tests/golden/check/fixedbugs-481-the-reports-a-lost-quote-holds-are-found-by-a-search.hero:67:19: error[unterminated_string]: this string never closes — strings are single-line, `"` to `"`
tests/golden/check/fixedbugs-481-the-reports-a-lost-quote-holds-are-found-by-a-search.hero:23:12: error[expected_end_of_line]: expected the end of the line, found a number (`2`) — one statement per line, no semicolons
tests/golden/check/fixedbugs-481-the-reports-a-lost-quote-holds-are-found-by-a-search.hero:26:12: error[expected_end_of_line]: expected the end of the line, found a number (`2`) — one statement per line, no semicolons
tests/golden/check/fixedbugs-481-the-reports-a-lost-quote-holds-are-found-by-a-search.hero:29:12: error[expected_end_of_line]: expected the end of the line, found a number (`2`) — one statement per line, no semicolons
tests/golden/check/fixedbugs-481-the-reports-a-lost-quote-holds-are-found-by-a-search.hero:32:12: error[expected_end_of_line]: expected the end of the line, found a number (`2`) — one statement per line, no semicolons
tests/golden/check/fixedbugs-481-the-reports-a-lost-quote-holds-are-found-by-a-search.hero:35:12: error[expected_end_of_line]: expected the end of the line, found a number (`2`) — one statement per line, no semicolons
tests/golden/check/fixedbugs-481-the-reports-a-lost-quote-holds-are-found-by-a-search.hero:38:12: error[expected_end_of_line]: expected the end of the line, found a number (`2`) — one statement per line, no semicolons
tests/golden/check/fixedbugs-481-the-reports-a-lost-quote-holds-are-found-by-a-search.hero:41:12: error[expected_end_of_line]: expected the end of the line, found a number (`2`) — one statement per line, no semicolons
tests/golden/check/fixedbugs-481-the-reports-a-lost-quote-holds-are-found-by-a-search.hero:44:12: error[expected_end_of_line]: expected the end of the line, found a number (`2`) — one statement per line, no semicolons
tests/golden/check/fixedbugs-481-the-reports-a-lost-quote-holds-are-found-by-a-search.hero:47:12: error[expected_end_of_line]: expected the end of the line, found a number (`2`) — one statement per line, no semicolons
tests/golden/check/fixedbugs-481-the-reports-a-lost-quote-holds-are-found-by-a-search.hero:50:12: error[expected_end_of_line]: expected the end of the line, found a number (`2`) — one statement per line, no semicolons
tests/golden/check/fixedbugs-481-the-reports-a-lost-quote-holds-are-found-by-a-search.hero:53:13: error[expected_end_of_line]: expected the end of the line, found a number (`2`) — one statement per line, no semicolons
tests/golden/check/fixedbugs-481-the-reports-a-lost-quote-holds-are-found-by-a-search.hero:56:13: error[expected_end_of_line]: expected the end of the line, found a number (`2`) — one statement per line, no semicolons
tests/golden/check/fixedbugs-481-the-reports-a-lost-quote-holds-are-found-by-a-search.hero:59:13: error[expected_end_of_line]: expected the end of the line, found a number (`2`) — one statement per line, no semicolons
tests/golden/check/fixedbugs-481-the-reports-a-lost-quote-holds-are-found-by-a-search.hero:62:13: error[expected_end_of_line]: expected the end of the line, found a number (`2`) — one statement per line, no semicolons
tests/golden/check/fixedbugs-481-the-reports-a-lost-quote-holds-are-found-by-a-search.hero:65:13: error[expected_end_of_line]: expected the end of the line, found a number (`2`) — one statement per line, no semicolons
tests/golden/check/fixedbugs-481-the-reports-a-lost-quote-holds-are-found-by-a-search.hero:68:13: error[expected_end_of_line]: expected the end of the line, found a number (`2`) — one statement per line, no semicolons
