tests/golden/check/fixedbugs-552-a-form-inside-a-generic-function-s-argument-names-it.hero:49:35: error[type_mismatch]: expected `str`, found `i64`
tests/golden/check/fixedbugs-552-a-form-inside-a-generic-function-s-argument-names-it.hero:85:19: error[cannot_infer]: `ok(…)` takes its type from the type its position asks for, and `ns` of `g2` asks for `[A?]`: no other argument and no context says what `A` is, and the literal written there takes its type from this element
tests/golden/check/fixedbugs-552-a-form-inside-a-generic-function-s-argument-names-it.hero:86:19: error[cannot_infer]: `fail(…)` takes its type from the type its position asks for, and `ns` of `g2` asks for `[A?]`: no other argument and no context says what `A` is, and the literal written there takes its type from this element
tests/golden/check/fixedbugs-552-a-form-inside-a-generic-function-s-argument-names-it.hero:87:28: error[cannot_infer]: `ok(…)` takes its type from the type its position asks for, and `m` of `valued2` asks for `{str: A?}`: no other argument and no context says what `A` is, and the literal written there takes its type from this value
tests/golden/check/fixedbugs-552-a-form-inside-a-generic-function-s-argument-names-it.hero:88:22: error[cannot_infer]: `.plus` takes its type from the type its position asks for, and `m` of `keyed2` asks for `{K: i64}`: no other argument and no context says what `K` is, and the literal written there takes its type from this key
tests/golden/check/fixedbugs-552-a-form-inside-a-generic-function-s-argument-names-it.hero:89:23: error[cannot_infer]: `ok(…)` takes its type from the type its position asks for, and `ns` of `deep2` asks for `[[A?]]`: no other argument and no context says what `A` is, and the literal written there takes its type from this element
tests/golden/check/fixedbugs-552-a-form-inside-a-generic-function-s-argument-names-it.hero:90:21: error[cannot_infer]: `.minus` takes its type from the type its position asks for, and `os` of `ops2` asks for `[A]`: no other argument and no context says what `A` is, and the literal written there takes its type from this element
tests/golden/check/fixedbugs-552-a-form-inside-a-generic-function-s-argument-names-it.hero:91:22: error[cannot_infer]: `[]` takes its type from the type its position asks for, and `ys` of `nest2` asks for `[[A]]`: no other argument and no context says what `A` is, and the literal written there takes its type from this element
tests/golden/check/fixedbugs-552-a-form-inside-a-generic-function-s-argument-names-it.hero:92:12: error[cannot_infer]: `ok(…)` takes its type from the type its position asks for, and the value written before `.g2(…)`, `ns`, asks for `[A?]`: no other argument and no context says what `A` is, and the literal written there takes its type from this element
