tests/golden/check/fixedbugs-216-c-spelling-carried-into-a-header.hero:10:8: error[unwritable_name]: `<stdio.h>` is C's own `#include` spelling carried into the string, brackets and all, and the `>` would end the name C reads: the group's string holds the name alone, as `extern "stdio.h"`
tests/golden/check/fixedbugs-216-c-spelling-carried-into-a-header.hero:13:8: error[undefined_header_name]: `\"string.h\"` is C's own `#include` spelling carried into the string, quotes and all, and C leaves a `"` in a header's name undefined (C11 6.4.7): the group's string holds the name alone, as `extern "string.h"`
