tests/golden/check/fixedbugs-216-a-control-character-in-a-name.hero:13:8: error[unshowable_name]: this header's name holds the control character U+0009, which no message can show: write the name without it, as `extern "math.h"`
tests/golden/check/fixedbugs-216-a-control-character-in-a-name.hero:16:23: error[unshowable_name]: this library's name holds the control character U+0009, which no message can show: write the name without it, as `link "m"`
tests/golden/check/fixedbugs-216-a-control-character-in-a-name.hero:19:26: error[unwritable_name]: this package's name holds the control character U+0009, where `pkg-config` splits its argument into packages and versions: a group names one package, as `package "raylib"`
tests/golden/check/fixedbugs-216-a-control-character-in-a-name.hero:26:8: error[unshowable_name]: this header's name holds the invisible character U+200B, which no message can show: write the name without it, as `extern "math.h"`
tests/golden/check/fixedbugs-216-a-control-character-in-a-name.hero:29:8: error[unshowable_name]: this header's name holds the invisible character U+2028, which no message can show: write the name without it, as `extern "math.h"`
