tests/golden/check/fixedbugs-265-the-appends-left-in-the-loop-and-list-readers-are-marked.hero:17:9: error[for_missing_in]: `for` iterates — `for x in xs`; found `(` — C's three-clause header is no loop here: count with `for i in range(from: a, to: b)`, and loop on a condition with `while`
tests/golden/check/fixedbugs-265-the-appends-left-in-the-loop-and-list-readers-are-marked.hero:22:9: error[spaced_minus_element]: this line of the list begins with `- `, a minus set apart from its value by a space, and a line end with no `,` in a list starts a new element, so it would be a negative element where the gap says a subtraction: to subtract, end the line above with the `-`; for a negative element, write the `-` against its value
tests/golden/check/fixedbugs-265-the-appends-left-in-the-loop-and-list-readers-are-marked.hero:27:9: error[spaced_minus_element]: this line of the map begins with `- `, a minus set apart from its value by a space, and a line end with no `,` in a map starts a new entry, which this line is, since it holds the entry's `:`: the `-` is the key's sign, so write it against the key
tests/golden/check/fixedbugs-265-the-appends-left-in-the-loop-and-list-readers-are-marked.hero:32:9: error[spaced_minus_element]: this line of the map begins with `- `, a minus set apart from its value by a space, and a line end with no `,` in a map starts a new entry, which this line cannot be, since it holds no `:`: to subtract, end the line above with the `-`
tests/golden/check/fixedbugs-265-the-appends-left-in-the-loop-and-list-readers-are-marked.hero:36:17: error[trailing_comma]: a trailing comma is not part of the list — write `f(a, b)`, `[1, 2]`
