tests/golden/check/fixedbugs-177-a-match-s-arms-inside-a-bracket-left-open-are-its-arms.hero:16:24: error[unclosed_bracket]: `[` opened here is still open at line 20, where `function` begins a line no bracket can hold
tests/golden/check/fixedbugs-177-a-match-s-arms-inside-a-bracket-left-open-are-its-arms.hero:21:18: error[unclosed_bracket]: `(` opened here is still open at line 25, where `function` begins a line no bracket can hold
tests/golden/check/fixedbugs-177-a-match-s-arms-inside-a-bracket-left-open-are-its-arms.hero:26:9: error[unclosed_bracket]: `[` opened here is still open at line 30, where `return` begins a line no bracket can hold
tests/golden/check/fixedbugs-177-a-match-s-arms-inside-a-bracket-left-open-are-its-arms.hero:33:9: error[unclosed_bracket]: `[` opened here is still open at line 37, where `return` begins a line no bracket can hold
tests/golden/check/fixedbugs-177-a-match-s-arms-inside-a-bracket-left-open-are-its-arms.hero:40:24: error[unclosed_bracket]: `[` opened here is still open at line 45, where `function` begins a line no bracket can hold
tests/golden/check/fixedbugs-177-a-match-s-arms-inside-a-bracket-left-open-are-its-arms.hero:46:24: error[unclosed_bracket]: `[` opened here is still open at line 51, where `function` begins a line no bracket can hold
tests/golden/check/fixedbugs-177-a-match-s-arms-inside-a-bracket-left-open-are-its-arms.hero:52:24: error[unclosed_bracket]: `[` opened here is still open at line 56, where `function` begins a line no bracket can hold
tests/golden/check/fixedbugs-177-a-match-s-arms-inside-a-bracket-left-open-are-its-arms.hero:57:9: error[unclosed_bracket]: `[` opened here is still open at line 61, where `return` begins a line no bracket can hold
tests/golden/check/fixedbugs-177-a-match-s-arms-inside-a-bracket-left-open-are-its-arms.hero:69:10: error[unclosed_bracket]: `(` opened here is still open at line 72, where `function` begins a line no bracket can hold
tests/golden/check/fixedbugs-177-a-match-s-arms-inside-a-bracket-left-open-are-its-arms.hero:53:31: error[expected_expression]: expected an expression, found `)` — a value, a name, a call, `[`, `{`, `.case`, `if`, `match`, or `???`
tests/golden/check/fixedbugs-177-a-match-s-arms-inside-a-bracket-left-open-are-its-arms.hero:59:19: error[expected_expression]: expected an expression, found `)` — a value, a name, a call, `[`, `{`, `.case`, `if`, `match`, or `???`
tests/golden/check/fixedbugs-177-a-match-s-arms-inside-a-bracket-left-open-are-its-arms.hero:70:9: error[line_end_before_continuation]: a line end stands before `.`: the line above ends with a name (`xs`), which keeps its line end, and inside brackets a line end may stand only before a closing bracket or a `,`; to go on with the argument, end the line above with `.`, and for a new argument, write the `,` there
