tests/golden/check/fixedbugs-352-a-refused-line-end-names-the-margin-as-written.hero:17:13: error[continuation_outside_brackets]: a line outside brackets ends its statement, and this one cannot end with `-`: the next line goes on with it at a shallower margin, where the block above ends; write the statement on one line, or break it inside parentheses
tests/golden/check/fixedbugs-352-a-refused-line-end-names-the-margin-as-written.hero:24:13: error[continuation_outside_brackets]: a line outside brackets ends its statement, and this one cannot end with `+`: the next line goes on with it at a shallower margin, where the block above ends; write the statement on one line, or break it inside parentheses
tests/golden/check/fixedbugs-352-a-refused-line-end-names-the-margin-as-written.hero:31:17: error[continuation_outside_brackets]: a line outside brackets ends its statement, and this one cannot end with `-`: the next line goes on with it at a shallower margin, where the block above ends; write the statement on one line, or break it inside parentheses
tests/golden/check/fixedbugs-352-a-refused-line-end-names-the-margin-as-written.hero:39:1: error[indentation_jump]: indentation jumps from level 1 to level 3; a block opens one level at a time
tests/golden/check/fixedbugs-352-a-refused-line-end-names-the-margin-as-written.hero:39:19: error[continuation_outside_brackets]: a line outside brackets ends its statement, and this one cannot end with `+`: the next line goes on with it at a shallower margin, where the block above ends; write the statement on one line, or break it inside parentheses
tests/golden/check/fixedbugs-352-a-refused-line-end-names-the-margin-as-written.hero:45:1: error[indentation_not_multiple_of_4]: indentation must be exactly 4 spaces per level; found 5
tests/golden/check/fixedbugs-352-a-refused-line-end-names-the-margin-as-written.hero:45:12: error[continuation_outside_brackets]: a line outside brackets ends its statement, and this one cannot end with `+`: the next line goes on with it at a shallower margin, where the block above ends; write the statement on one line, or break it inside parentheses
tests/golden/check/fixedbugs-352-a-refused-line-end-names-the-margin-as-written.hero:52:1: error[indentation_jump]: indentation jumps from level 1 to level 3; a block opens one level at a time
tests/golden/check/fixedbugs-352-a-refused-line-end-names-the-margin-as-written.hero:52:19: error[continuation_outside_brackets]: a line outside brackets ends its statement, and this one cannot end with `+`: the next line goes on with it one level deeper, where a block would begin; write the statement on one line, or break it inside parentheses
tests/golden/check/fixedbugs-352-a-refused-line-end-names-the-margin-as-written.hero:58:11: error[continuation_outside_brackets]: a line outside brackets ends its statement, and this one cannot end with `+`: the next line goes on with it at the same margin, where a new statement begins; write the statement on one line, or break it inside parentheses
