tests/golden/check/fixedbugs-433-a-value-through-ok-a-receiver-or-a-call-is-told-once.hero:14:20: error[fixed_outside_a_group]: `i64[2]` is a C array member, so it stands only as a field of a `record` inside an `extern` group, whose layout a C compiler chose — here no group's record holds it (§4.19)
tests/golden/check/fixedbugs-433-a-value-through-ok-a-receiver-or-a-call-is-told-once.hero:20:20: error[fixed_outside_a_group]: `i64[2]` is a C array member, so it stands only as a field of a `record` inside an `extern` group, whose layout a C compiler chose — here no group's record holds it (§4.19)
tests/golden/check/fixedbugs-433-a-value-through-ok-a-receiver-or-a-call-is-told-once.hero:24:12: error[fixed_outside_a_group]: `i64[2]` is a C array member, so it stands only as a field of a `record` inside an `extern` group, whose layout a C compiler chose — here no group's record holds it (§4.19)
tests/golden/check/fixedbugs-433-a-value-through-ok-a-receiver-or-a-call-is-told-once.hero:25:11: error[fixed_outside_a_group]: `i64[2]` is a C array member, so it stands only as a field of a `record` inside an `extern` group, whose layout a C compiler chose — here no group's record holds it (§4.19)
tests/golden/check/fixedbugs-433-a-value-through-ok-a-receiver-or-a-call-is-told-once.hero:26:9: error[cannot_infer]: `[]` takes its type from the type the context asks for, and the value written before `.first(…)` asks for none: its type is read first, to know what the call names
tests/golden/check/fixedbugs-433-a-value-through-ok-a-receiver-or-a-call-is-told-once.hero:28:8: error[fixed_outside_a_group]: `i64[2]` is a C array member, so it stands only as a field of a `record` inside an `extern` group, whose layout a C compiler chose — here no group's record holds it (§4.19)
tests/golden/check/fixedbugs-433-a-value-through-ok-a-receiver-or-a-call-is-told-once.hero:30:8: error[fixed_outside_a_group]: `i64[2]` is a C array member, so it stands only as a field of a `record` inside an `extern` group, whose layout a C compiler chose — here no group's record holds it (§4.19)
tests/golden/check/fixedbugs-433-a-value-through-ok-a-receiver-or-a-call-is-told-once.hero:31:11: error[fixed_outside_a_group]: `i64[2]` is a C array member, so it stands only as a field of a `record` inside an `extern` group, whose layout a C compiler chose — here no group's record holds it (§4.19)
tests/golden/check/fixedbugs-433-a-value-through-ok-a-receiver-or-a-call-is-told-once.hero:31:24: error[type_mismatch]: expected `i64[2]`, found `str`
