tests/golden/check/fixedbugs-132-a-comma-ending-a-statement-is-its-lines-one-message.hero:14:15: error[expected_end_of_line]: expected the end of the line, found `,` — one statement per line, and no `,` ends a statement's line
tests/golden/check/fixedbugs-132-a-comma-ending-a-statement-is-its-lines-one-message.hero:19:13: error[expected_end_of_line]: expected the end of the line, found `,` — one statement per line, and no `,` ends a statement's line
