tests/golden/check/fixedbugs-130-a-bracket-left-open-goes-on-where-a-bracket-can-hold-the-line.hero:12:10: error[unclosed_bracket]: `[` opened here is still open at line 17, where `function` begins a line no bracket can hold
tests/golden/check/fixedbugs-130-a-bracket-left-open-goes-on-where-a-bracket-can-hold-the-line.hero:18:10: error[unclosed_bracket]: `(` opened here is still open at line 22, where the name `print` begins a line after one that ended without a `,`
tests/golden/check/fixedbugs-130-a-bracket-left-open-goes-on-where-a-bracket-can-hold-the-line.hero:18:11: error[missing_body]: an `if` cannot stand inside brackets: its body goes on the lines below it, one level deeper, and no line inside a bracket is: the `(` that holds it stands at column 10 of this line — give its value a name on a line of its own above, and write the name here
tests/golden/check/fixedbugs-130-a-bracket-left-open-goes-on-where-a-bracket-can-hold-the-line.hero:29:5: error[expected_parameter]: expected a parameter name, found `match` — a parameter is `name: type`, or `@name: type` when the callee may change it
tests/golden/check/fixedbugs-130-a-bracket-left-open-goes-on-where-a-bracket-can-hold-the-line.hero:41:1: error[expected_parameter]: expected a parameter name, found `match` — a parameter is `name: type`, or `@name: type` when the callee may change it
