tests/golden/check/fixedbugs-131-a-head-over-a-token-no-expression-begins-with.hero:16:9: error[for_missing_in]: `for` iterates — `for x in xs`; found `>` — a loop over a condition is `while`
tests/golden/check/fixedbugs-131-a-head-over-a-token-no-expression-begins-with.hero:17:15: error[expected_end_of_line]: expected the end of the line, found `)` — one statement per line, no semicolons
tests/golden/check/fixedbugs-131-a-head-over-a-token-no-expression-begins-with.hero:20:9: error[for_missing_in]: `for` iterates — `for x in xs`; found `)` — a loop over a condition is `while`
tests/golden/check/fixedbugs-131-a-head-over-a-token-no-expression-begins-with.hero:21:15: error[expected_end_of_line]: expected the end of the line, found `)` — one statement per line, no semicolons
tests/golden/check/fixedbugs-131-a-head-over-a-token-no-expression-begins-with.hero:24:9: error[for_missing_in]: `for` iterates — `for x in xs`; found `=>` — a loop over a condition is `while`
tests/golden/check/fixedbugs-131-a-head-over-a-token-no-expression-begins-with.hero:25:15: error[expected_end_of_line]: expected the end of the line, found `)` — one statement per line, no semicolons
tests/golden/check/fixedbugs-131-a-head-over-a-token-no-expression-begins-with.hero:28:9: error[for_missing_in]: `for` iterates — `for x in xs`; found `:` — a loop over a condition is `while`
tests/golden/check/fixedbugs-131-a-head-over-a-token-no-expression-begins-with.hero:29:15: error[expected_end_of_line]: expected the end of the line, found `)` — one statement per line, no semicolons
tests/golden/check/fixedbugs-131-a-head-over-a-token-no-expression-begins-with.hero:32:9: error[for_missing_in]: `for` iterates — `for x in xs`; found `else` — a loop over a condition is `while`
tests/golden/check/fixedbugs-131-a-head-over-a-token-no-expression-begins-with.hero:33:15: error[expected_end_of_line]: expected the end of the line, found `)` — one statement per line, no semicolons
tests/golden/check/fixedbugs-131-a-head-over-a-token-no-expression-begins-with.hero:36:11: error[expected_expression]: expected an expression, found `>` — a value, a name, a call, `[`, `{`, `.case`, `if`, `match`, or `???`
tests/golden/check/fixedbugs-131-a-head-over-a-token-no-expression-begins-with.hero:37:15: error[expected_end_of_line]: expected the end of the line, found `)` — one statement per line, no semicolons
tests/golden/check/fixedbugs-131-a-head-over-a-token-no-expression-begins-with.hero:40:8: error[expected_expression]: expected an expression, found `>` — a value, a name, a call, `[`, `{`, `.case`, `if`, `match`, or `???`
tests/golden/check/fixedbugs-131-a-head-over-a-token-no-expression-begins-with.hero:41:15: error[expected_end_of_line]: expected the end of the line, found `)` — one statement per line, no semicolons
tests/golden/check/fixedbugs-131-a-head-over-a-token-no-expression-begins-with.hero:46:13: error[expected_expression]: expected an expression, found `>` — a value, a name, a call, `[`, `{`, `.case`, `if`, `match`, or `???`
tests/golden/check/fixedbugs-131-a-head-over-a-token-no-expression-begins-with.hero:47:15: error[expected_end_of_line]: expected the end of the line, found `)` — one statement per line, no semicolons
tests/golden/check/fixedbugs-131-a-head-over-a-token-no-expression-begins-with.hero:50:11: error[expected_expression]: expected an expression, found `:` — a value, a name, a call, `[`, `{`, `.case`, `if`, `match`, or `???`
tests/golden/check/fixedbugs-131-a-head-over-a-token-no-expression-begins-with.hero:51:15: error[expected_end_of_line]: expected the end of the line, found `)` — one statement per line, no semicolons
tests/golden/check/fixedbugs-131-a-head-over-a-token-no-expression-begins-with.hero:54:11: error[expected_expression]: expected an expression, found `)` — a value, a name, a call, `[`, `{`, `.case`, `if`, `match`, or `???`
tests/golden/check/fixedbugs-131-a-head-over-a-token-no-expression-begins-with.hero:55:23: error[expected_end_of_line]: expected the end of the line, found `)` — one statement per line, no semicolons
tests/golden/check/fixedbugs-131-a-head-over-a-token-no-expression-begins-with.hero:58:9: error[expected_expression]: expected an expression, found `>` — a value, a name, a call, `[`, `{`, `.case`, `if`, `match`, or `???`
tests/golden/check/fixedbugs-131-a-head-over-a-token-no-expression-begins-with.hero:62:13: error[expected_expression]: expected an expression, found `>` — a value, a name, a call, `[`, `{`, `.case`, `if`, `match`, or `???`
tests/golden/check/fixedbugs-131-a-head-over-a-token-no-expression-begins-with.hero:66:12: error[expected_expression]: expected an expression, found `>` — a value, a name, a call, `[`, `{`, `.case`, `if`, `match`, or `???`
tests/golden/check/fixedbugs-131-a-head-over-a-token-no-expression-begins-with.hero:69:11: error[expected_expression]: expected an expression, found `>` — a value, a name, a call, `[`, `{`, `.case`, `if`, `match`, or `???`
tests/golden/check/fixedbugs-131-a-head-over-a-token-no-expression-begins-with.hero:72:13: error[expected_expression]: expected an expression, found `>` — a value, a name, a call, `[`, `{`, `.case`, `if`, `match`, or `???`
