tests/golden/check/fixedbugs-135-a-dot-on-a-record-s-name-read-as-a-value.hero:26:17: error[dot_on_a_record_name]: `Point` names a record, so `Point.x` reads a field from a value that is not there — `Point::x` is the NAME of that field, and `Point(field: value, …)` builds one
tests/golden/check/fixedbugs-135-a-dot-on-a-record-s-name-read-as-a-value.hero:29:24: error[dot_on_a_record_name]: `Point` names a record, so `Point.x` reads a field from a value that is not there — `Point::x` is the NAME of that field, and `Point(field: value, …)` builds one
tests/golden/check/fixedbugs-135-a-dot-on-a-record-s-name-read-as-a-value.hero:32:32: error[dot_on_a_record_name]: `Config` names a record, so `Config.retries` reads a field from a value that is not there — `Config::retries` is the NAME of that field, and `Config(field: value, …)` builds one
tests/golden/check/fixedbugs-135-a-dot-on-a-record-s-name-read-as-a-value.hero:35:16: error[dot_on_a_record_name]: `Point` names a record, so `Point.x` reads a field from a value that is not there — `Point::x` is the NAME of that field, and `Point(field: value, …)` builds one
tests/golden/check/fixedbugs-135-a-dot-on-a-record-s-name-read-as-a-value.hero:38:18: error[dot_on_a_record_name]: `Room` names a record, so `Room.name` reads a field from a value that is not there — `Room::name` is the NAME of that field, and `Room(field: value, …)` builds one
tests/golden/check/fixedbugs-135-a-dot-on-a-record-s-name-read-as-a-value.hero:42:18: error[dot_on_a_record_name]: `Room` names a record, so `Room.name` reads a field from a value that is not there — `Room::name` is the NAME of that field, and `Room(field: value, …)` builds one
tests/golden/check/fixedbugs-135-a-dot-on-a-record-s-name-read-as-a-value.hero:47:18: error[dot_on_a_record_name]: `Config` names a record, so `Config.retries` reads a field from a value that is not there — `Config::retries` is the NAME of that field, and `Config(field: value, …)` builds one
tests/golden/check/fixedbugs-135-a-dot-on-a-record-s-name-read-as-a-value.hero:50:23: error[dot_on_a_record_name]: `Room` names a record, so `Room.name` reads a field from a value that is not there — `Room::name` is the NAME of that field, and `Room(field: value, …)` builds one
tests/golden/check/fixedbugs-135-a-dot-on-a-record-s-name-read-as-a-value.hero:53:16: error[dot_on_a_record_name]: `Room` names a record, so `Room.name` reads a field from a value that is not there — `Room::name` is the NAME of that field, and `Room(field: value, …)` builds one
