tests/golden/check/fixedbugs-313-an-outer-list-never-closed-keeps-its-own-report.hero:31:7: error[expected_separator]: expected `,` or a new line between one element and the next, found `=` — a binding is no element: the `[` still open 2 lines above, at column 10, and the `[` it stands in, close on a line above, so write `]]` there
tests/golden/check/fixedbugs-313-an-outer-list-never-closed-keeps-its-own-report.hero:31:11: error[expected_end_of_line]: expected the end of the line, found `)` — one statement per line, no semicolons
tests/golden/check/fixedbugs-313-an-outer-list-never-closed-keeps-its-own-report.hero:37:7: error[expected_separator]: expected `,` or a new line between one element and the next, found `=` — a binding is no element: the `[` still open 2 lines above, at column 12, and the `(` and the `[` it stands in, close on a line above, so write `])]` there
tests/golden/check/fixedbugs-313-an-outer-list-never-closed-keeps-its-own-report.hero:37:11: error[expected_end_of_line]: expected the end of the line, found `))` — one statement per line, no semicolons
tests/golden/check/fixedbugs-313-an-outer-list-never-closed-keeps-its-own-report.hero:43:7: error[expected_separator]: expected `,` or a new line between one element and the next, found `=` — a binding is no element: the `[` still open 2 lines above, at column 13, and the `[` it stands in, close on a line above, so write `]]` there
tests/golden/check/fixedbugs-313-an-outer-list-never-closed-keeps-its-own-report.hero:43:11: error[expected_end_of_line]: expected the end of the line, found `)` — one statement per line, no semicolons
tests/golden/check/fixedbugs-313-an-outer-list-never-closed-keeps-its-own-report.hero:49:7: error[expected_separator]: expected `,` or a new line between one element and the next, found `=` — a binding is no element: the `[` still open 2 lines above, at column 10, and the `[` it stands in, close on a line above, so write `]]` there
tests/golden/check/fixedbugs-313-an-outer-list-never-closed-keeps-its-own-report.hero:49:11: error[expected_end_of_line]: expected the end of the line, found `}` — one statement per line, no semicolons
tests/golden/check/fixedbugs-313-an-outer-list-never-closed-keeps-its-own-report.hero:56:7: error[expected_separator]: expected `,` or a new line between one element and the next, found `=` — a binding is no element: the `[` still open 2 lines above, at column 9, and the `[` it stands in, close on a line above, so write `]]` there
tests/golden/check/fixedbugs-313-an-outer-list-never-closed-keeps-its-own-report.hero:56:11: error[expected_end_of_line]: expected the end of the line, found `)` — one statement per line, no semicolons
tests/golden/check/fixedbugs-313-an-outer-list-never-closed-keeps-its-own-report.hero:62:7: error[expected_separator]: expected `,` or a new line between one element and the next, found `=` — a binding is no element: the `[` still open 2 lines above, at column 10, and the `[` it stands in, close on a line above, so write `]]` there
tests/golden/check/fixedbugs-313-an-outer-list-never-closed-keeps-its-own-report.hero:62:11: error[expected_end_of_line]: expected the end of the line, found `)` — one statement per line, no semicolons
tests/golden/check/fixedbugs-313-an-outer-list-never-closed-keeps-its-own-report.hero:63:11: error[expected_end_of_line]: expected the end of the line, found `]` — one statement per line, no semicolons
