tests/golden/check/fixedbugs-fixed-array-outside-a-group.hero:55:9: error[fixed_outside_a_group]: `i64[4]` is a C array member, so it belongs to a `record` inside an `extern` group — this record's layout is this language's, and a fixed array exists to match one a C compiler chose (§4.19)
tests/golden/check/fixedbugs-fixed-array-outside-a-group.hero:58:10: error[fixed_outside_a_group]: `i64[4]` is a C array member, so it belongs to a `record` inside an `extern` group — this record's layout is this language's, and a fixed array exists to match one a C compiler chose (§4.19)
tests/golden/check/fixedbugs-fixed-array-outside-a-group.hero:62:14: error[fixed_outside_a_group]: `i64[2]` is a C array member, so it belongs to a `record` inside an `extern` group — this record's layout is this language's, and a fixed array exists to match one a C compiler chose (§4.19)
tests/golden/check/fixedbugs-fixed-array-outside-a-group.hero:66:8: error[fixed_outside_a_group]: `i64[4]` is a C array member, so it belongs to a `record` inside an `extern` group — this record's layout is this language's, and a fixed array exists to match one a C compiler chose (§4.19)
