tests/golden/check/fixedbugs-216-a-name-c-cannot-carry.hero:11:8: error[unwritable_name]: this header's name holds `>`, which ends a header's name in C's `#include <...>`, so `a>b.h` cannot be written there: rename the header without it
tests/golden/check/fixedbugs-216-a-name-c-cannot-carry.hero:14:8: error[unwritable_name]: this header's name holds `>`, which ends a header's name in C's `#include <...>`, so `stdio.h>` cannot be written there: rename the header without it
tests/golden/check/fixedbugs-216-a-name-c-cannot-carry.hero:17:8: error[unwritable_name]: this header's name holds a line end, and C's `#include <...>` ends at the line's end, before the name does: write the name without it, as `extern "math.h"`
tests/golden/check/fixedbugs-216-a-name-c-cannot-carry.hero:20:8: error[unwritable_name]: this header's name holds a line end, and C's `#include <...>` ends at the line's end, before the name does: write the name without it, as `extern "math.h"`
tests/golden/check/fixedbugs-216-a-name-c-cannot-carry.hero:23:8: error[unwritable_name]: this header's name is empty, so it names nothing C can look for: the string holds the name, as `extern "math.h"`
tests/golden/check/fixedbugs-216-a-name-c-cannot-carry.hero:26:23: error[unwritable_name]: this library's name is empty, so it names nothing C can look for: the string holds the name, as `link "m"`
tests/golden/check/fixedbugs-216-a-name-c-cannot-carry.hero:29:23: error[unwritable_name]: this library's name holds a line end, and the linker reports a missing library on one line: write the name without it, as `link "m"`
tests/golden/check/fixedbugs-216-a-name-c-cannot-carry.hero:32:26: error[unwritable_name]: this package's name holds a line end, and `pkg-config` reads a line end between two packages: write the name without it, as `package "raylib"`
