tests/golden/check/fixedbugs-129-a-chain-whose-last-line-is-ended-not-refused.hero:17:11: error[continuation_outside_brackets]: a line outside brackets ends its statement, and this one cannot end with `+`: the next line goes on with it at the same margin, where a new statement begins; write the statement on one line, or break it inside parentheses
tests/golden/check/fixedbugs-129-a-chain-whose-last-line-is-ended-not-refused.hero:23:11: error[continuation_outside_brackets]: a line outside brackets ends its statement, and this one cannot end with `+`: the next line goes on with it at the same margin, where a new statement begins; write the statement on one line, or break it inside parentheses
tests/golden/check/fixedbugs-129-a-chain-whose-last-line-is-ended-not-refused.hero:18:32: error[expected_expression]: expected an expression, found end of line — a value, a name, a call, `[`, `{`, `.case`, `if`, `match`, or `???`
tests/golden/check/fixedbugs-129-a-chain-whose-last-line-is-ended-not-refused.hero:24:32: error[expected_expression]: expected an expression, found end of line — a value, a name, a call, `[`, `{`, `.case`, `if`, `match`, or `???`
