tests/golden/check/fixedbugs-402-a-generic-function-value-nothing-binds.hero:42:9: error[cannot_infer]: nothing here says what `A` of `ident` is: a generic function used as a value takes its types from the type the context asks for, and this position asks for none
tests/golden/check/fixedbugs-402-a-generic-function-value-nothing-binds.hero:45:9: error[cannot_infer]: nothing here says what `A` of `ident` is: a generic function used as a value takes its types from the type the context asks for, and this position asks for none
tests/golden/check/fixedbugs-402-a-generic-function-value-nothing-binds.hero:49:11: error[cannot_infer]: nothing here says what `A` of `ident` is: a generic function used as a value takes its types from the type the context asks for, and this position asks for none
tests/golden/check/fixedbugs-402-a-generic-function-value-nothing-binds.hero:53:17: error[cannot_infer]: nothing here says what `A` of `ident` is: a generic function used as a value takes its types from the type the context asks for, and this position asks for none
tests/golden/check/fixedbugs-402-a-generic-function-value-nothing-binds.hero:57:11: error[cannot_infer]: nothing here says what `A` of `ident` is: a generic function used as a value takes its types from the type the context asks for, and this position asks for none
tests/golden/check/fixedbugs-402-a-generic-function-value-nothing-binds.hero:61:11: error[cannot_infer]: nothing here says what `A` of `ident` is: a generic function used as a value takes its types from the type the context asks for, and this position asks for none
tests/golden/check/fixedbugs-402-a-generic-function-value-nothing-binds.hero:64:9: error[cannot_infer]: nothing here says what `A` of `nothing` is: a generic function used as a value takes its types from the type the context asks for, and this position asks for none
tests/golden/check/fixedbugs-402-a-generic-function-value-nothing-binds.hero:67:9: error[cannot_infer]: nothing here says what `A` and `B` of `first` are: a generic function used as a value takes its types from the type the context asks for, and this position asks for none
tests/golden/check/fixedbugs-402-a-generic-function-value-nothing-binds.hero:70:9: error[cannot_infer]: nothing here says what `A` of `ident` is: a generic function used as a value takes its types from the type the context asks for, and this position asks for none
tests/golden/check/fixedbugs-402-a-generic-function-value-nothing-binds.hero:74:14: error[type_mismatch]: expected `i64`, found `(function(A) -> A)`
tests/golden/check/fixedbugs-402-a-generic-function-value-nothing-binds.hero:78:33: error[type_mismatch]: expected `(function(i64) -> i64)`, found `(function(A) -> B?)`
tests/golden/check/fixedbugs-402-a-generic-function-value-nothing-binds.hero:82:33: error[type_mismatch]: expected `(function(i64) -> str)`, found `(function(i64) -> i64)`
tests/golden/check/fixedbugs-402-a-generic-function-value-nothing-binds.hero:86:8: error[needs_parameter_names]: two of `(function(i64, i64) -> i64)`'s parameters are `i64`, so this type names both of them — give each a name that says which is which
tests/golden/check/fixedbugs-402-a-generic-function-value-nothing-binds.hero:86:38: error[type_mismatch]: expected `(function(i64, i64) -> i64)`, found `(function(x: i64, y: i64) -> i64)`
