tests/golden/check/fixedbugs-132-an-arm-that-begins-with-an-operator.hero:20:5: error[missing_match_arms]: a `match` needs its arms indented one level below it, found `+`
tests/golden/check/fixedbugs-132-an-arm-that-begins-with-an-operator.hero:20:5: error[expected_pattern]: expected a pattern, found `+` — `.case`, `.case name`, `_` (on `i64`/`str` only), or an integer, a string or a character, with an optional `-`
tests/golden/check/fixedbugs-132-an-arm-that-begins-with-an-operator.hero:25:5: error[missing_match_arms]: a `match` needs its arms indented one level below it, found `*`
tests/golden/check/fixedbugs-132-an-arm-that-begins-with-an-operator.hero:25:5: error[expected_pattern]: expected a pattern, found `*` — `.case`, `.case name`, `_` (on `i64`/`str` only), or an integer, a string or a character, with an optional `-`
tests/golden/check/fixedbugs-132-an-arm-that-begins-with-an-operator.hero:31:5: error[missing_match_arms]: a `match` needs its arms indented one level below it, found `|`
tests/golden/check/fixedbugs-132-an-arm-that-begins-with-an-operator.hero:31:5: error[expected_pattern]: expected a pattern, found `|` — `.case`, `.case name`, `_` (on `i64`/`str` only), or an integer, a string or a character, with an optional `-`
tests/golden/check/fixedbugs-132-an-arm-that-begins-with-an-operator.hero:36:5: error[missing_match_arms]: a `match` needs its arms indented one level below it, found `==`
tests/golden/check/fixedbugs-132-an-arm-that-begins-with-an-operator.hero:36:5: error[expected_pattern]: expected a pattern, found `==` — `.case`, `.case name`, `_` (on `i64`/`str` only), or an integer, a string or a character, with an optional `-`
tests/golden/check/fixedbugs-132-an-arm-that-begins-with-an-operator.hero:41:5: error[missing_match_arms]: a `match` needs its arms indented one level below it, found a number (`0`)
tests/golden/check/fixedbugs-132-an-arm-that-begins-with-an-operator.hero:42:5: error[expected_pattern]: expected a pattern, found `?` — `.case`, `.case name`, `_` (on `i64`/`str` only), or an integer, a string or a character, with an optional `-`
tests/golden/check/fixedbugs-132-an-arm-that-begins-with-an-operator.hero:48:9: error[expected_pattern]: expected a pattern, found `+` — `.case`, `.case name`, `_` (on `i64`/`str` only), or an integer, a string or a character, with an optional `-`
tests/golden/check/fixedbugs-132-an-arm-that-begins-with-an-operator.hero:54:9: error[expected_pattern]: expected a pattern, found `::` — `.case`, `.case name`, `_` (on `i64`/`str` only), or an integer, a string or a character, with an optional `-`
tests/golden/check/fixedbugs-132-an-arm-that-begins-with-an-operator.hero:60:9: error[expected_pattern]: expected a pattern, found `+` — `.case`, `.case name`, `_` (on `i64`/`str` only), or an integer, a string or a character, with an optional `-`
tests/golden/check/fixedbugs-132-an-arm-that-begins-with-an-operator.hero:60:23: error[expected_expression]: expected an expression, found `)` — a value, a name, a call, `[`, `{`, `.case`, `if`, `match`, or `???`
tests/golden/check/fixedbugs-132-an-arm-that-begins-with-an-operator.hero:65:5: error[missing_match_arms]: a `match` needs its arms indented one level below it, found `+`
tests/golden/check/fixedbugs-132-an-arm-that-begins-with-an-operator.hero:65:5: error[expected_pattern]: expected a pattern, found `+` — `.case`, `.case name`, `_` (on `i64`/`str` only), or an integer, a string or a character, with an optional `-`
tests/golden/check/fixedbugs-132-an-arm-that-begins-with-an-operator.hero:71:11: error[expected_pattern]: expected a pattern, found `=>` — `.case`, `.case name`, `_` (on `i64`/`str` only), or an integer, a string or a character, with an optional `-`
