tests/golden/check/fixedbugs-301-a-bare-c-for-header-is-told-once.hero:56:9: error[reserved_word]: `int` is not a word in this language — an integer type says its width, `i64`, and a type is written where a type goes: after a name and `:`, or after `->`
tests/golden/check/fixedbugs-301-a-bare-c-for-header-is-told-once.hero:64:16: error[unexpected_character]: `;` is not part of the language's syntax — a line's end ends what the line holds, a statement, a field or a case, and no `;` ends one
tests/golden/check/fixedbugs-301-a-bare-c-for-header-is-told-once.hero:21:9: error[for_missing_in]: `for` iterates — `for x in xs`; found a name (`i`) — C's three-clause header is no loop here: count with `for i in range(from: a, to: b)`, and loop on a condition with `while`
tests/golden/check/fixedbugs-301-a-bare-c-for-header-is-told-once.hero:25:9: error[for_missing_in]: `for` iterates — `for x in xs`; found `;` — C's three-clause header is no loop here: count with `for i in range(from: a, to: b)`, and loop on a condition with `while`
tests/golden/check/fixedbugs-301-a-bare-c-for-header-is-told-once.hero:29:9: error[for_missing_in]: `for` iterates — `for x in xs`; found a name (`i`) — C's three-clause header is no loop here: count with `for i in range(from: a, to: b)`, and loop on a condition with `while`
tests/golden/check/fixedbugs-301-a-bare-c-for-header-is-told-once.hero:33:10: error[for_missing_in]: `for` iterates — `for x in xs`; found a name (`i`) — C's three-clause header is no loop here: count with `for i in range(from: a, to: b)`, and loop on a condition with `while`
tests/golden/check/fixedbugs-301-a-bare-c-for-header-is-told-once.hero:38:13: error[for_missing_in]: `for` iterates — `for x in xs`; found a name (`i`) — C's three-clause header is no loop here: count with `for i in range(from: a, to: b)`, and loop on a condition with `while`
tests/golden/check/fixedbugs-301-a-bare-c-for-header-is-told-once.hero:42:9: error[for_missing_in]: `for` iterates — `for x in xs`; found a name (`i`) — C's three-clause header is no loop here: count with `for i in range(from: a, to: b)`, and loop on a condition with `while`
tests/golden/check/fixedbugs-301-a-bare-c-for-header-is-told-once.hero:44:9: error[for_missing_in]: `for` iterates — `for x in xs`; found a name (`i`) — C's three-clause header is no loop here: count with `for i in range(from: a, to: b)`, and loop on a condition with `while`
tests/golden/check/fixedbugs-301-a-bare-c-for-header-is-told-once.hero:46:9: error[for_missing_in]: `for` iterates — `for x in xs`; found a name (`i`) — C's three-clause header is no loop here: count with `for i in range(from: a, to: b)`, and loop on a condition with `while`
tests/golden/check/fixedbugs-301-a-bare-c-for-header-is-told-once.hero:49:25: error[missing_body]: the `function` `with_a_brace` needs an indented body — one level deeper, exactly 4 spaces (found `{`)
tests/golden/check/fixedbugs-301-a-bare-c-for-header-is-told-once.hero:50:9: error[for_missing_in]: `for` iterates — `for x in xs`; found a name (`i`) — C's three-clause header is no loop here: count with `for i in range(from: a, to: b)`, and loop on a condition with `while`
tests/golden/check/fixedbugs-301-a-bare-c-for-header-is-told-once.hero:50:27: error[missing_body]: a `for` needs an indented body — one level deeper, exactly 4 spaces (found `{`)
tests/golden/check/fixedbugs-301-a-bare-c-for-header-is-told-once.hero:56:9: error[for_missing_in]: `for` iterates — `for x in xs`; found an unreadable token (`int`) — C's three-clause header is no loop here: count with `for i in range(from: a, to: b)`, and loop on a condition with `while`
tests/golden/check/fixedbugs-301-a-bare-c-for-header-is-told-once.hero:60:9: error[for_missing_in]: `for` iterates — `for x in xs`; found a name (`i`) — C's three-clause header is no loop here: count with `for i in range(from: a, to: b)`, and loop on a condition with `while`
tests/golden/check/fixedbugs-301-a-bare-c-for-header-is-told-once.hero:61:18: error[expected_expression]: expected an expression, found `)` — a value, a name, a call, `[`, `{`, `.case`, `if`, `match`, or `???`
