tests/golden/check/fixedbugs-459-an-outer-list-never-closed-is-closed-by-the-binding-s-edit.hero:49:9: error[unclosed_bracket]: `[` opened here is still open at line 54, where `function` begins a line no bracket can hold
tests/golden/check/fixedbugs-459-an-outer-list-never-closed-is-closed-by-the-binding-s-edit.hero:20:7: error[expected_separator]: expected `,` or a new line between one element and the next, found `=` — a binding is no element: the `[` still open 2 lines above, at column 10, and the `[` it stands in, close on a line above, so write `]]` there
tests/golden/check/fixedbugs-459-an-outer-list-never-closed-is-closed-by-the-binding-s-edit.hero:20:11: error[expected_end_of_line]: expected the end of the line, found `)` — one statement per line, no semicolons
tests/golden/check/fixedbugs-459-an-outer-list-never-closed-is-closed-by-the-binding-s-edit.hero:26:7: error[expected_separator]: expected `,` or a new line between one element and the next, found `=` — a binding is no element: the `[` still open 2 lines above, at column 13, and the `{` it stands in, close on a line above, so write `]}` there
tests/golden/check/fixedbugs-459-an-outer-list-never-closed-is-closed-by-the-binding-s-edit.hero:26:11: error[expected_end_of_line]: expected the end of the line, found `)` — one statement per line, no semicolons
tests/golden/check/fixedbugs-459-an-outer-list-never-closed-is-closed-by-the-binding-s-edit.hero:32:7: error[expected_map_entry_colon]: expected `:` between a map's key and its value, found `=` — a binding is no entry: the `{` still open 2 lines above, at column 10, and the `[` it stands in, close on a line above, so write `}]` there
tests/golden/check/fixedbugs-459-an-outer-list-never-closed-is-closed-by-the-binding-s-edit.hero:32:11: error[expected_end_of_line]: expected the end of the line, found `)` — one statement per line, no semicolons
tests/golden/check/fixedbugs-459-an-outer-list-never-closed-is-closed-by-the-binding-s-edit.hero:38:7: error[expected_separator]: expected `,` or a new line between one element and the next, found `=` — a binding is no element: the `[` still open 2 lines above, at column 11, and the `[` and the `[` it stands in, close on a line above, so write `]]]` there
tests/golden/check/fixedbugs-459-an-outer-list-never-closed-is-closed-by-the-binding-s-edit.hero:38:11: error[expected_end_of_line]: expected the end of the line, found `)` — one statement per line, no semicolons
tests/golden/check/fixedbugs-459-an-outer-list-never-closed-is-closed-by-the-binding-s-edit.hero:45:7: error[expected_separator]: expected `,` or a new line between one element and the next, found `=` — a binding is no element: the `[` still open 2 lines above, at column 9, and the `[` it stands in, close on a line above, so write `]]` there
tests/golden/check/fixedbugs-459-an-outer-list-never-closed-is-closed-by-the-binding-s-edit.hero:45:11: error[expected_end_of_line]: expected the end of the line, found `)` — one statement per line, no semicolons
tests/golden/check/fixedbugs-459-an-outer-list-never-closed-is-closed-by-the-binding-s-edit.hero:50:14: error[expected_separator]: expected `,` or a new line between one element and the next, found `)` — the `[` still open on the line above, at column 10: if this line is its last element, write `]` for this `)`; if it closes on a line above, write its `]` there and delete this `)`
