tests/golden/check/fixedbugs-198-a-heads-junk-and-a-closer-past-it-are-told.hero:17:11: error[expected_end_of_line]: expected the end of the line after `variant T`, found `)` — its cases go on the lines below it, one level deeper
tests/golden/check/fixedbugs-198-a-heads-junk-and-a-closer-past-it-are-told.hero:17:1: error[empty_variant]: a `variant` needs at least one case, indented one level below it
tests/golden/check/fixedbugs-198-a-heads-junk-and-a-closer-past-it-are-told.hero:19:11: error[expected_end_of_line]: expected the end of the line after `variant U`, found `]` — its cases go on the lines below it, one level deeper
tests/golden/check/fixedbugs-198-a-heads-junk-and-a-closer-past-it-are-told.hero:19:1: error[empty_variant]: a `variant` needs at least one case, indented one level below it
tests/golden/check/fixedbugs-198-a-heads-junk-and-a-closer-past-it-are-told.hero:21:14: error[expected_end_of_line]: expected the end of the line after `record Point`, found `)` — its fields go on the lines below it, one level deeper
tests/golden/check/fixedbugs-198-a-heads-junk-and-a-closer-past-it-are-told.hero:21:1: error[empty_record]: a `record` needs at least one field, indented one level below it
tests/golden/check/fixedbugs-198-a-heads-junk-and-a-closer-past-it-are-told.hero:23:14: error[expected_end_of_line]: expected the end of the line after `record Twice`, found `)` — its fields go on the lines below it, one level deeper
tests/golden/check/fixedbugs-198-a-heads-junk-and-a-closer-past-it-are-told.hero:23:16: error[expected_end_of_line]: expected the end of the line, found `)` — one statement per line, no semicolons
tests/golden/check/fixedbugs-198-a-heads-junk-and-a-closer-past-it-are-told.hero:23:1: error[empty_record]: a `record` needs at least one field, indented one level below it
tests/golden/check/fixedbugs-198-a-heads-junk-and-a-closer-past-it-are-told.hero:25:14: error[expected_end_of_line]: expected the end of the line after `record Named`, found a name (`x`) — its fields go on the lines below it, one level deeper
tests/golden/check/fixedbugs-198-a-heads-junk-and-a-closer-past-it-are-told.hero:25:16: error[expected_end_of_line]: expected the end of the line, found `)` — one statement per line, no semicolons
tests/golden/check/fixedbugs-198-a-heads-junk-and-a-closer-past-it-are-told.hero:25:1: error[empty_record]: a `record` needs at least one field, indented one level below it
tests/golden/check/fixedbugs-198-a-heads-junk-and-a-closer-past-it-are-told.hero:27:14: error[expected_end_of_line]: expected the end of the line after `extern "m.h"`, found `)` — its signatures go on the lines below it, one level deeper
tests/golden/check/fixedbugs-198-a-heads-junk-and-a-closer-past-it-are-told.hero:27:1: error[expected_extern_block]: an `extern` group's signatures are indented under it — `extern "math.h"` then `    function sqrt(x: f64) -> f64` (§4.19)
tests/golden/check/fixedbugs-198-a-heads-junk-and-a-closer-past-it-are-told.hero:29:13: error[expected_end_of_line]: expected the end of the line, found `:` — the `function` `f`'s body goes on the lines below its head, one level deeper
tests/golden/check/fixedbugs-198-a-heads-junk-and-a-closer-past-it-are-told.hero:29:19: error[expected_end_of_line]: expected the end of the line, found `)` — one statement per line, no semicolons
tests/golden/check/fixedbugs-198-a-heads-junk-and-a-closer-past-it-are-told.hero:32:13: error[missing_body]: the `function` `g` needs an indented body — one level deeper, exactly 4 spaces (found `:`)
tests/golden/check/fixedbugs-198-a-heads-junk-and-a-closer-past-it-are-told.hero:32:19: error[expected_end_of_line]: expected the end of the line, found `)` — one statement per line, no semicolons
tests/golden/check/fixedbugs-198-a-heads-junk-and-a-closer-past-it-are-told.hero:34:17: error[missing_body]: the `constant` `K` needs an indented body — one level deeper, exactly 4 spaces (found `=`)
tests/golden/check/fixedbugs-198-a-heads-junk-and-a-closer-past-it-are-told.hero:34:21: error[expected_end_of_line]: expected the end of the line, found `)` — one statement per line, no semicolons
tests/golden/check/fixedbugs-198-a-heads-junk-and-a-closer-past-it-are-told.hero:36:14: error[expected_end_of_line]: expected the end of the line after `variant Over`, found `)` — its cases go on the lines below it, one level deeper
tests/golden/check/fixedbugs-198-a-heads-junk-and-a-closer-past-it-are-told.hero:39:10: error[missing_body]: the `test` `"t"` needs an indented body — one level deeper, exactly 4 spaces (found `)`)
