tests/golden/check/fixedbugs-131-a-type-that-failed-in-an-annotation.hero:14:9: error[expected_type]: expected a type, found a number (`2`) — a type is `i64`, `f64`, `bool`, `str`, `[T]`, `{K: V}`, `T?`, `()`, or the name of a `record` or `variant`
tests/golden/check/fixedbugs-131-a-type-that-failed-in-an-annotation.hero:15:8: error[expected_type]: expected a type, found a number (`2`) — a type is `i64`, `f64`, `bool`, `str`, `[T]`, `{K: V}`, `T?`, `()`, or the name of a `record` or `variant`
tests/golden/check/fixedbugs-131-a-type-that-failed-in-an-annotation.hero:16:8: error[expected_type]: expected a type, found a number (`2`) — a type is `i64`, `f64`, `bool`, `str`, `[T]`, `{K: V}`, `T?`, `()`, or the name of a `record` or `variant`
tests/golden/check/fixedbugs-131-a-type-that-failed-in-an-annotation.hero:17:8: error[expected_type]: expected a type, found `)` — a type is `i64`, `f64`, `bool`, `str`, `[T]`, `{K: V}`, `T?`, `()`, or the name of a `record` or `variant`
tests/golden/check/fixedbugs-131-a-type-that-failed-in-an-annotation.hero:18:8: error[expected_type]: expected a type, found `-` — a type is `i64`, `f64`, `bool`, `str`, `[T]`, `{K: V}`, `T?`, `()`, or the name of a `record` or `variant`
tests/golden/check/fixedbugs-131-a-type-that-failed-in-an-annotation.hero:19:8: error[expected_type]: expected a type, found a string (`"x"`) — a type is `i64`, `f64`, `bool`, `str`, `[T]`, `{K: V}`, `T?`, `()`, or the name of a `record` or `variant`
tests/golden/check/fixedbugs-131-a-type-that-failed-in-an-annotation.hero:22:9: error[expected_type]: expected a type, found a number (`2`) — a type is `i64`, `f64`, `bool`, `str`, `[T]`, `{K: V}`, `T?`, `()`, or the name of a `record` or `variant`
tests/golden/check/fixedbugs-131-a-type-that-failed-in-an-annotation.hero:23:9: error[expected_type]: expected a type, found a number (`2`) — a type is `i64`, `f64`, `bool`, `str`, `[T]`, `{K: V}`, `T?`, `()`, or the name of a `record` or `variant`
tests/golden/check/fixedbugs-131-a-type-that-failed-in-an-annotation.hero:26:8: error[expected_type]: expected a type, found a number (`2`) — a type is `i64`, `f64`, `bool`, `str`, `[T]`, `{K: V}`, `T?`, `()`, or the name of a `record` or `variant`
tests/golden/check/fixedbugs-131-a-type-that-failed-in-an-annotation.hero:26:18: error[expected_expression]: expected an expression, found `)` — a value, a name, a call, `[`, `{`, `.case`, `if`, `match`, or `???`
tests/golden/check/fixedbugs-131-a-type-that-failed-in-an-annotation.hero:27:9: error[expected_type]: expected a type, found a number (`2`) — a type is `i64`, `f64`, `bool`, `str`, `[T]`, `{K: V}`, `T?`, `()`, or the name of a `record` or `variant`
tests/golden/check/fixedbugs-131-a-type-that-failed-in-an-annotation.hero:27:18: error[expected_expression]: expected an expression, found `)` — a value, a name, a call, `[`, `{`, `.case`, `if`, `match`, or `???`
tests/golden/check/fixedbugs-131-a-type-that-failed-in-an-annotation.hero:30:9: error[expected_function_type]: expected `function` — in a type, `(` opens either `()` or a function type, `(function(A) -> B)`, found a number (`2`)
tests/golden/check/fixedbugs-131-a-type-that-failed-in-an-annotation.hero:30:12: error[expected_binding_symbol]: expected `@=` to declare a mutable cell, or `=` to bind, found a number (`3`) — `v: i64 @= 0` declares a cell, `xs: [i64] = []` binds once
tests/golden/check/fixedbugs-131-a-type-that-failed-in-an-annotation.hero:31:12: error[expected_binding_symbol]: expected `@=` to declare a mutable cell, or `=` to bind, found a number (`5`) — `v: i64 @= 0` declares a cell, `xs: [i64] = []` binds once
tests/golden/check/fixedbugs-131-a-type-that-failed-in-an-annotation.hero:34:17: error[expected_type]: expected a type, found a number (`2`) — a type is `i64`, `f64`, `bool`, `str`, `[T]`, `{K: V}`, `T?`, `()`, or the name of a `record` or `variant`
tests/golden/check/fixedbugs-131-a-type-that-failed-in-an-annotation.hero:34:14: error[declaration_in_arm]: an arm's body may not declare a name — `j` would be bound where nothing can read it; write the value as the arm's body, or open a block
