tests/golden/check/fixedbugs-196-a-suite-inside-a-suite-is-one-colon-habit.hero:16:13: error[trailing_colon]: a block is opened by the indentation alone — drop the `:` and write what follows it on the line below, one level deeper (this is not Python)
tests/golden/check/fixedbugs-196-a-suite-inside-a-suite-is-one-colon-habit.hero:19:13: error[trailing_colon]: a block is opened by the indentation alone — drop the `:` and write what follows it on the line below, one level deeper (this is not Python)
tests/golden/check/fixedbugs-196-a-suite-inside-a-suite-is-one-colon-habit.hero:22:16: error[trailing_colon]: a block is opened by the indentation alone — drop the `:` and write what follows it on the line below, one level deeper (this is not Python)
tests/golden/check/fixedbugs-196-a-suite-inside-a-suite-is-one-colon-habit.hero:25:16: error[trailing_colon]: a block is opened by the indentation alone — drop the `:` and write what follows it on the line below, one level deeper (this is not Python)
tests/golden/check/fixedbugs-196-a-suite-inside-a-suite-is-one-colon-habit.hero:30:9: error[trailing_colon]: a block is opened by the indentation alone — drop the `:` and write what follows it on the line below, one level deeper (this is not Python)
tests/golden/check/fixedbugs-196-a-suite-inside-a-suite-is-one-colon-habit.hero:33:13: error[trailing_colon]: a block is opened by the indentation alone — drop the `:` and write what follows it on the line below, one level deeper (this is not Python)
tests/golden/check/fixedbugs-196-a-suite-inside-a-suite-is-one-colon-habit.hero:37:17: error[trailing_colon]: a block is opened by the indentation alone — drop the `:` and write what follows it on the line below, one level deeper (this is not Python)
tests/golden/check/fixedbugs-196-a-suite-inside-a-suite-is-one-colon-habit.hero:41:13: error[trailing_colon]: a block is opened by the indentation alone — drop the `:` and write what follows it on the line below, one level deeper (this is not Python)
tests/golden/check/fixedbugs-196-a-suite-inside-a-suite-is-one-colon-habit.hero:46:13: error[trailing_colon]: a block is opened by the indentation alone — drop the `:` and write what follows it on the line below, one level deeper (this is not Python)
