tests/golden/check/fixedbugs-133-a-type-written-with-a-foreign-word.hero:14:20: error[reserved_word]: `fn` is not a word in this language — use `function`: `function f(x: i64) -> i64`
tests/golden/check/fixedbugs-133-a-type-written-with-a-foreign-word.hero:17:27: error[reserved_word]: `int` is not a word in this language — an integer says its width: `i64`, and also `i8` `i16` `i32` `u8` `u16` `u32` `u64`
tests/golden/check/fixedbugs-133-a-type-written-with-a-foreign-word.hero:20:17: error[reserved_word]: `int` is not a word in this language — an integer says its width: `i64`, and also `i8` `i16` `i32` `u8` `u16` `u32` `u64`
tests/golden/check/fixedbugs-133-a-type-written-with-a-foreign-word.hero:14:31: error[expected_type]: expected a type, found `)` — a type is `i64`, `f64`, `bool`, `str`, `[T]`, `{K: V}`, `T?`, `()`, or the name of a `record` or `variant`
tests/golden/check/fixedbugs-133-a-type-written-with-a-foreign-word.hero:18:39: error[expected_expression]: expected an expression, found end of line — a value, a name, a call, `[`, `{`, `.case`, `if`, `match`, or `???`
tests/golden/check/fixedbugs-133-a-type-written-with-a-foreign-word.hero:21:32: error[expected_expression]: expected an expression, found end of line — a value, a name, a call, `[`, `{`, `.case`, `if`, `match`, or `???`
