tests/golden/check/fixedbugs-132-a-head-alone-over-a-line-at-its-margin.hero:21:5: error[continuation_outside_brackets]: a line outside brackets ends its statement, and this one cannot end with `if`: the next line goes on with it at the same margin, where a new statement begins; write the statement on one line, or break it inside parentheses
tests/golden/check/fixedbugs-132-a-head-alone-over-a-line-at-its-margin.hero:26:5: error[continuation_outside_brackets]: a line outside brackets ends its statement, and this one cannot end with `while`: the next line goes on with it at the same margin, where a new statement begins; write the statement on one line, or break it inside parentheses
tests/golden/check/fixedbugs-132-a-head-alone-over-a-line-at-its-margin.hero:31:5: error[continuation_outside_brackets]: a line outside brackets ends its statement, and this one cannot end with `for`: the next line goes on with it at the same margin, where a new statement begins; write the statement on one line, or break it inside parentheses
tests/golden/check/fixedbugs-132-a-head-alone-over-a-line-at-its-margin.hero:38:10: error[continuation_outside_brackets]: a line outside brackets ends its statement, and this one cannot end with `if`: the next line goes on with it at the same margin, where a new statement begins; write the statement on one line, or break it inside parentheses
tests/golden/check/fixedbugs-132-a-head-alone-over-a-line-at-its-margin.hero:43:9: error[continuation_outside_brackets]: a line outside brackets ends its statement, and this one cannot end with `match`: the next line goes on with it at the same margin, where a new statement begins; write the statement on one line, or break it inside parentheses
tests/golden/check/fixedbugs-132-a-head-alone-over-a-line-at-its-margin.hero:49:10: error[continuation_outside_brackets]: a line outside brackets ends its statement, and this one cannot end with `>`: the next line goes on with it at the same margin, where a new statement begins; write the statement on one line, or break it inside parentheses
tests/golden/check/fixedbugs-132-a-head-alone-over-a-line-at-its-margin.hero:22:5: error[missing_body]: an `if` needs an indented body — one level deeper, exactly 4 spaces (found a name (`print`))
tests/golden/check/fixedbugs-132-a-head-alone-over-a-line-at-its-margin.hero:27:5: error[missing_body]: a `while` needs an indented body — one level deeper, exactly 4 spaces (found a name (`print`))
tests/golden/check/fixedbugs-132-a-head-alone-over-a-line-at-its-margin.hero:32:5: error[missing_body]: a `for` needs an indented body — one level deeper, exactly 4 spaces (found a name (`print`))
tests/golden/check/fixedbugs-132-a-head-alone-over-a-line-at-its-margin.hero:39:5: error[missing_body]: an `else if` needs an indented body — one level deeper, exactly 4 spaces (found a name (`print`))
tests/golden/check/fixedbugs-132-a-head-alone-over-a-line-at-its-margin.hero:44:5: error[missing_match_arms]: a `match` needs its arms indented one level below it, found a name (`print`)
tests/golden/check/fixedbugs-132-a-head-alone-over-a-line-at-its-margin.hero:50:5: error[missing_body]: an `if` needs an indented body — one level deeper, exactly 4 spaces (found a name (`print`))
