tests/golden/check/fixedbugs-546-a-message-prints-the-letter-and-says-nothing-of-a-poisoned-one.hero:17:27: error[needs_parameter_names]: two of `(function(A, A) -> ())`'s parameters are `A`, so this type names both of them — give each a name that says which is which
tests/golden/check/fixedbugs-546-a-message-prints-the-letter-and-says-nothing-of-a-poisoned-one.hero:22:10: error[needs_parameter_names]: two of `(function(B, B) -> B)`'s parameters are `B`, so this type names both of them — give each a name that says which is which
tests/golden/check/fixedbugs-546-a-message-prints-the-letter-and-says-nothing-of-a-poisoned-one.hero:60:18: error[bad_operand]: `*` takes `i64` with `i64` or `f64` with `f64`, found `bool`
tests/golden/check/fixedbugs-546-a-message-prints-the-letter-and-says-nothing-of-a-poisoned-one.hero:62:20: error[bad_operand]: `*` takes `i64` with `i64` or `f64` with `f64`, found `bool`
