tests/golden/check/fixedbugs-135-a-token-moved-up-inside-a-bracket-never-closed-is-a-guess.hero:15:24: error[unclosed_bracket]: `[` opened here is still open at line 19, where `function` begins a line no bracket can hold
tests/golden/check/fixedbugs-135-a-token-moved-up-inside-a-bracket-never-closed-is-a-guess.hero:25:18: error[unclosed_bracket]: `(` opened here is still open at line 29, where `function` begins a line no bracket can hold
tests/golden/check/fixedbugs-135-a-token-moved-up-inside-a-bracket-never-closed-is-a-guess.hero:16:9: error[line_end_before_continuation]: a line end stands before `.`: the line above ends with a name (`name`), which keeps its line end, and inside brackets a line end may stand only before a closing bracket or a `,`; to break the line here, end the line above with `.`
tests/golden/check/fixedbugs-135-a-token-moved-up-inside-a-bracket-never-closed-is-a-guess.hero:17:9: error[line_end_before_continuation]: a line end stands before `.`: the line above ends with `)`, which keeps its line end, and inside brackets a line end may stand only before a closing bracket or a `,`; to break the line here, end the line above with `.`
tests/golden/check/fixedbugs-135-a-token-moved-up-inside-a-bracket-never-closed-is-a-guess.hero:26:9: error[line_end_before_continuation]: a line end stands before `.`: the line above ends with `)`, which keeps its line end, and inside brackets a line end may stand only before a closing bracket or a `,`; to break the line here, end the line above with `.`
tests/golden/check/fixedbugs-135-a-token-moved-up-inside-a-bracket-never-closed-is-a-guess.hero:27:9: error[line_end_before_continuation]: a line end stands before `.`: the line above ends with a name (`v`), which keeps its line end, and inside brackets a line end may stand only before a closing bracket or a `,`; to break the line here, end the line above with `.`
