tests/golden/check/fixedbugs-135-a-backslash-before-a-bracketed-expression.hero:16:17: error[unknown_escape]: `\(` is not an escape sequence — a value is written into a string as `{n}` in an `f"…"` literal, and `\\` writes a backslash
tests/golden/check/fixedbugs-135-a-backslash-before-a-bracketed-expression.hero:21:17: error[unknown_escape]: `\(` is not an escape sequence — a value is written into a string as `{n}` in an `f"…"` literal, and `\\` writes a backslash
tests/golden/check/fixedbugs-135-a-backslash-before-a-bracketed-expression.hero:21:23: error[unknown_escape]: `\(` is not an escape sequence — a value is written into a string as `{word}` in an `f"…"` literal, and `\\` writes a backslash
tests/golden/check/fixedbugs-135-a-backslash-before-a-bracketed-expression.hero:21:35: error[unknown_escape]: `\(` is not an escape sequence — a value is written into a string as `{n + 1}` in an `f"…"` literal, and `\\` writes a backslash
tests/golden/check/fixedbugs-135-a-backslash-before-a-bracketed-expression.hero:24:16: error[unknown_escape]: `\(` is not an escape sequence — a value is written into a string as `{twice(2)}` in an `f"…"` literal, and `\\` writes a backslash
tests/golden/check/fixedbugs-135-a-backslash-before-a-bracketed-expression.hero:29:13: error[unknown_escape]: `\(` is not an escape sequence — a value is written into a string as `{n}` in an `f"…"` literal, and `\\` writes a backslash
tests/golden/check/fixedbugs-135-a-backslash-before-a-bracketed-expression.hero:33:16: error[unknown_escape]: `\(` is not an escape sequence — a value is written into a string as `{n}` in an `f"…"` literal, and `\\` writes a backslash
