tests/golden/check/fixedbugs-303-a-do-while-split-over-lines-is-one-habit.hero:19:8: error[expected_end_of_line]: expected the end of the line, found `{` — C's `do { … } while (c)`, which runs its body before asking `c`, is no loop here: write the body under `while true`, ending it with `if !(c)` over `break`
tests/golden/check/fixedbugs-303-a-do-while-split-over-lines-is-one-habit.hero:25:8: error[expected_end_of_line]: expected the end of the line, found `{` — C's `do { … } while (c)`, which runs its body before asking `c`, is no loop here: write the body under `while true`, ending it with `if !(c)` over `break`
tests/golden/check/fixedbugs-303-a-do-while-split-over-lines-is-one-habit.hero:31:8: error[expected_end_of_line]: expected the end of the line, found `{` — C's `do { … } while (c)`, which runs its body before asking `c`, is no loop here: write the body under `while true`, ending it with `if !(c)` over `break`
tests/golden/check/fixedbugs-303-a-do-while-split-over-lines-is-one-habit.hero:37:12: error[expected_end_of_line]: expected the end of the line, found `{` — C's `do { … } while (c)`, which runs its body before asking `c`, is no loop here: write the body under `while true`, ending it with `if !(c)` over `break`
tests/golden/check/fixedbugs-303-a-do-while-split-over-lines-is-one-habit.hero:43:8: error[expected_end_of_line]: expected the end of the line, found `{` — C's `do { … } while (c)`, which runs its body before asking `c`, is no loop here: write the body under `while true`, ending it with `if !(c)` over `break`
tests/golden/check/fixedbugs-303-a-do-while-split-over-lines-is-one-habit.hero:46:16: error[expected_expression]: expected an expression, found `)` — a value, a name, a call, `[`, `{`, `.case`, `if`, `match`, or `???`
tests/golden/check/fixedbugs-303-a-do-while-split-over-lines-is-one-habit.hero:49:8: error[expected_end_of_line]: expected the end of the line, found `{` — C's `do { … } while (c)`, which runs its body before asking `c`, is no loop here: write the body under `while true`, ending it with `if !(c)` over `break`
tests/golden/check/fixedbugs-303-a-do-while-split-over-lines-is-one-habit.hero:56:8: error[expected_end_of_line]: expected the end of the line, found `{` — C's `do { … } while (c)`, which runs its body before asking `c`, is no loop here: write the body under `while true`, ending it with `if !(c)` over `break`
tests/golden/check/fixedbugs-303-a-do-while-split-over-lines-is-one-habit.hero:63:8: error[expected_end_of_line]: expected the end of the line, found `{` — C's `do { … } while (c)`, which runs its body before asking `c`, is no loop here: write the body under `while true`, ending it with `if !(c)` over `break`
tests/golden/check/fixedbugs-303-a-do-while-split-over-lines-is-one-habit.hero:70:8: error[expected_end_of_line]: expected the end of the line, found `{` — C's `do { … } while (c)`, which runs its body before asking `c`, is no loop here: write the body under `while true`, ending it with `if !(c)` over `break`
