tests/golden/check/fixedbugs-233-a-librarys-route-names-the-compilers-own-flag.hero:14:23: error[unwritable_name]: this library's name holds `/`, which macOS's and Linux's linkers read below each directory they search and not from the root it names, and `C:/side/lp188` names a path from a root, where this machine keeps the library rather than what the machine has
  pass `--library <dir>` with the directory holding it, or name a `package` and let `pkg-config` answer; `link` takes the library's **name**, as `link "sqlite3"`
