tests/golden/check/fixedbugs-131-a-declaration-head-whose-line-goes-on.hero:10:24: error[missing_body]: a `test` needs an indented body — one level deeper, exactly 4 spaces (found `)`)
tests/golden/check/fixedbugs-131-a-declaration-head-whose-line-goes-on.hero:11:11: error[expected_end_of_line]: expected the end of the line, found `)` — one statement per line, no semicolons
tests/golden/check/fixedbugs-131-a-declaration-head-whose-line-goes-on.hero:13:1: error[empty_record]: a `record` needs at least one field, indented one level below it
tests/golden/check/fixedbugs-131-a-declaration-head-whose-line-goes-on.hero:14:8: error[expected_type]: expected a type, found `)` — a type is `i64`, `f64`, `bool`, `str`, `[T]`, `{K: V}`, `T?`, `()`, or the name of a `record` or `variant`
tests/golden/check/fixedbugs-131-a-declaration-head-whose-line-goes-on.hero:16:15: error[empty_variant]: a `variant` needs at least one case, indented one level below it
tests/golden/check/fixedbugs-131-a-declaration-head-whose-line-goes-on.hero:18:5: error[expected_case]: expected a case name, found `)` — a variant case is a name on its own line, with its fields indented below it
