tests/golden/check/fixedbugs-130-a-class-is-told-where-it-stands-and-what-it-holds.hero:15:5: error[reserved_word]: `class` is not a word in this language — a `record` is declared at the top level of a file, never inside a body or another declaration (there is no inheritance), and a `record` holds only its fields: each function in this block is declared at the top level, taking the record as a parameter
tests/golden/check/fixedbugs-130-a-class-is-told-where-it-stands-and-what-it-holds.hero:21:5: error[reserved_word]: `class` is not a word in this language — a `record` is declared at the top level of a file, never inside a body or another declaration (there is no inheritance)
tests/golden/check/fixedbugs-130-a-class-is-told-where-it-stands-and-what-it-holds.hero:25:1: error[reserved_word]: `class` is not a word in this language — use `record` (there is no inheritance), and a `record` holds only its fields: each function in this block is declared at the top level, taking the record as a parameter
tests/golden/check/fixedbugs-130-a-class-is-told-where-it-stands-and-what-it-holds.hero:30:1: error[reserved_word]: `class` is not a word in this language — use `record` (there is no inheritance)
tests/golden/check/fixedbugs-130-a-class-is-told-where-it-stands-and-what-it-holds.hero:17:19: error[expected_end_of_line]: expected the end of the line, found `)` — one statement per line, no semicolons
tests/golden/check/fixedbugs-130-a-class-is-told-where-it-stands-and-what-it-holds.hero:27:18: error[expected_end_of_line]: expected the end of the line, found `)` — one statement per line, no semicolons
