tests/golden/check/fixedbugs-130-a-block-under-a-refused-word-in-a-body.hero:18:5: error[reserved_word]: `elif` is not a word in this language — `else if` continues an `if` at the same margin above it, and there is none here
tests/golden/check/fixedbugs-130-a-block-under-a-refused-word-in-a-body.hero:22:5: error[reserved_word]: `fn` is not a word in this language — a `function` is declared at the top level of a file, never inside a body or another declaration
tests/golden/check/fixedbugs-130-a-block-under-a-refused-word-in-a-body.hero:24:9: error[reserved_word]: `fn` is not a word in this language — a `function` is declared at the top level of a file, never inside a body or another declaration
tests/golden/check/fixedbugs-130-a-block-under-a-refused-word-in-a-body.hero:29:5: error[reserved_word]: `struct` is not a word in this language — a `record` is declared at the top level of a file, never inside a body or another declaration
tests/golden/check/fixedbugs-130-a-block-under-a-refused-word-in-a-body.hero:35:5: error[reserved_word]: `enum` is not a word in this language — a `variant` is declared at the top level of a file, never inside a body or another declaration
tests/golden/check/fixedbugs-130-a-block-under-a-refused-word-in-a-body.hero:41:5: error[reserved_word]: `const` is not a word in this language — inside a body a value is bound with `=`: `x = 5`, and a `constant` is declared at the top level of a file
tests/golden/check/fixedbugs-130-a-block-under-a-refused-word-in-a-body.hero:45:5: error[reserved_word]: there are no exceptions in this language — errors are values: `fail(code, msg)`, propagate with `?`
tests/golden/check/fixedbugs-130-a-block-under-a-refused-word-in-a-body.hero:47:5: error[reserved_word]: there are no exceptions in this language — errors are values: `fail(code, msg)`, propagate with `?`
tests/golden/check/fixedbugs-130-a-block-under-a-refused-word-in-a-body.hero:19:15: error[expected_end_of_line]: expected the end of the line, found `)` — one statement per line, no semicolons
tests/golden/check/fixedbugs-130-a-block-under-a-refused-word-in-a-body.hero:23:15: error[expected_end_of_line]: expected the end of the line, found `)` — one statement per line, no semicolons
tests/golden/check/fixedbugs-130-a-block-under-a-refused-word-in-a-body.hero:25:19: error[expected_end_of_line]: expected the end of the line, found `)` — one statement per line, no semicolons
tests/golden/check/fixedbugs-130-a-block-under-a-refused-word-in-a-body.hero:31:11: error[expected_field_type]: expected `:` and the field's type, found a name (`i64`)
tests/golden/check/fixedbugs-130-a-block-under-a-refused-word-in-a-body.hero:42:15: error[expected_end_of_line]: expected the end of the line, found `)` — one statement per line, no semicolons
tests/golden/check/fixedbugs-130-a-block-under-a-refused-word-in-a-body.hero:46:15: error[expected_end_of_line]: expected the end of the line, found `)` — one statement per line, no semicolons
tests/golden/check/fixedbugs-130-a-block-under-a-refused-word-in-a-body.hero:48:15: error[expected_end_of_line]: expected the end of the line, found `)` — one statement per line, no semicolons
