tests/golden/check/fixedbugs-477-a-call-of-eight-hundred-arguments-asks-each-type-once.hero:827:8580: error[needs_label]: two of `f`'s parameters are `i64`, so every one of them is named at the call site — this one is `p799`
tests/golden/check/fixedbugs-477-a-call-of-eight-hundred-arguments-asks-each-type-once.hero:830:8569: error[wrong_label]: `f` has nothing called `p799` at this position — it is `p798`
tests/golden/check/fixedbugs-477-a-call-of-eight-hundred-arguments-asks-each-type-once.hero:830:8580: error[wrong_label]: `f` has nothing called `p798` at this position — it is `p799`
tests/golden/check/fixedbugs-477-a-call-of-eight-hundred-arguments-asks-each-type-once.hero:833:8569: error[needs_label]: two of `f`'s parameters are `i64`, so every one of them is named at the call site — this one is `p798` in the order written, or `p799` in the other order
tests/golden/check/fixedbugs-477-a-call-of-eight-hundred-arguments-asks-each-type-once.hero:833:8574: error[needs_label]: two of `f`'s parameters are `i64`, so every one of them is named at the call site — this one is `p799` in the order written, or `p798` in the other order
tests/golden/check/fixedbugs-477-a-call-of-eight-hundred-arguments-asks-each-type-once.hero:836:19: error[needs_label]: two of `g`'s parameters are `i64`, so every one of them is named at the call site — this one is `b`
tests/golden/check/fixedbugs-477-a-call-of-eight-hundred-arguments-asks-each-type-once.hero:837:8: error[needs_parameter_names]: two of `(function(i64, i64) -> i64)`'s parameters are `i64`, so this type names both of them — give each a name that says which is which
tests/golden/check/fixedbugs-477-a-call-of-eight-hundred-arguments-asks-each-type-once.hero:837:38: error[type_mismatch]: expected `(function(i64, i64) -> i64)`, found `(function(a: i64, b: i64) -> i64)`
tests/golden/check/fixedbugs-477-a-call-of-eight-hundred-arguments-asks-each-type-once.hero:839:21: error[wrong_label]: `Point` has nothing called `z` at this position — it is `y`
tests/golden/check/fixedbugs-477-a-call-of-eight-hundred-arguments-asks-each-type-once.hero:840:15: error[missing_label]: `Point`'s fields are always named — this one is `x`
