tests/golden/check/fixedbugs-a-match-arm-opened-by-a-spaced-minus.hero:50:9: error[continuation_outside_brackets]: a line outside brackets ends its statement, and this one cannot end with `-`: the next line goes on with it at the same margin, where a new statement begins; write the statement on one line, or break it inside parentheses
tests/golden/check/fixedbugs-a-match-arm-opened-by-a-spaced-minus.hero:31:9: error[spaced_minus_element]: this arm begins with `- `, a minus set apart from its value by a space, and where a NEWLINE separates, as it does every arm from the line above, the next line may not begin with a `-` that does not touch its operand: the `-` is the literal's sign or a bullet, and nothing in the arm says which, so write it against its value, or delete it
tests/golden/check/fixedbugs-a-match-arm-opened-by-a-spaced-minus.hero:33:9: error[spaced_minus_element]: this arm begins with `- `, a minus set apart from its value by a space, and where a NEWLINE separates, as it does every arm from the line above, the next line may not begin with a `-` that does not touch its operand: the `-` is the literal's sign or a bullet, and nothing in the arm says which, so write it against its value, or delete it
tests/golden/check/fixedbugs-a-match-arm-opened-by-a-spaced-minus.hero:36:9: error[spaced_minus_element]: this arm begins with `- `, a minus set apart from its value by a space, and where a NEWLINE separates, as it does every arm from the line above, the next line may not begin with a `-` that does not touch its operand: the `-` is the literal's sign or a bullet, and nothing in the arm says which, so write it against its value, or delete it
tests/golden/check/fixedbugs-a-match-arm-opened-by-a-spaced-minus.hero:44:9: error[spaced_minus_element]: this arm begins with `- `, a minus set apart from its value by a space, and where a NEWLINE separates, as it does every arm from the line above, the next line may not begin with a `-` that does not touch its operand: the `-` is the literal's sign or a bullet, and nothing in the arm says which, so write it against its value, or delete it
tests/golden/check/fixedbugs-a-match-arm-opened-by-a-spaced-minus.hero:63:9: error[spaced_minus_element]: this arm begins with `- `, a minus set apart from its value by a space, and where a NEWLINE separates, as it does every arm from the line above, the next line may not begin with a `-` that does not touch its operand: the `-` is the literal's sign or a bullet, and nothing in the arm says which, so write it against its value, or delete it
tests/golden/check/fixedbugs-a-match-arm-opened-by-a-spaced-minus.hero:65:17: error[spaced_minus_element]: this arm begins with `- `, a minus set apart from its value by a space, and where a NEWLINE separates, as it does every arm from the line above, the next line may not begin with a `-` that does not touch its operand: the `-` is the literal's sign or a bullet, and nothing in the arm says which, so write it against its value, or delete it
