tests/golden/check/fixedbugs-187-the-words-rest-zero-are-kept-in-place.hero:28:23: error[rest_outside_a_group]: `Point` is a Heroes `record`, and a construction of one names every field, always (§4.9): `rest: zero` ends only a construction of a group's `record`, whose layout is the header's
tests/golden/check/fixedbugs-187-the-words-rest-zero-are-kept-in-place.hero:36:24: error[rest_outside_a_group]: `Point` is a Heroes `record`, and a construction of one names every field, always (§4.9): `rest: zero` ends only a construction of a group's `record`, whose layout is the header's
tests/golden/check/fixedbugs-187-the-words-rest-zero-are-kept-in-place.hero:44:24: error[rest_outside_a_group]: `Point` is a Heroes `record`, and a construction of one names every field, always (§4.9): `rest: zero` ends only a construction of a group's `record`, whose layout is the header's
tests/golden/check/fixedbugs-187-the-words-rest-zero-are-kept-in-place.hero:52:24: error[rest_outside_a_group]: `Point` is a Heroes `record`, and a construction of one names every field, always (§4.9): `rest: zero` ends only a construction of a group's `record`, whose layout is the header's
tests/golden/check/fixedbugs-187-the-words-rest-zero-are-kept-in-place.hero:60:24: error[rest_outside_a_group]: `Point` is a Heroes `record`, and a construction of one names every field, always (§4.9): `rest: zero` ends only a construction of a group's `record`, whose layout is the header's
tests/golden/check/fixedbugs-187-the-words-rest-zero-are-kept-in-place.hero:68:24: error[rest_outside_a_group]: `Point` is a Heroes `record`, and a construction of one names every field, always (§4.9): `rest: zero` ends only a construction of a group's `record`, whose layout is the header's
