tests/golden/check/fixedbugs-351-stray-minus-lines-over-an-arm-are-told-one-each.hero:22:13: error[continuation_outside_brackets]: a line outside brackets ends its statement, and this one cannot end with `-`: the next line goes on with it one level deeper, where a block would begin; write the statement on one line, or break it inside parentheses
tests/golden/check/fixedbugs-351-stray-minus-lines-over-an-arm-are-told-one-each.hero:23:17: error[continuation_outside_brackets]: a line outside brackets ends its statement, and this one cannot end with `-`: the next line goes on with it at a shallower margin, where the block above ends; write the statement on one line, or break it inside parentheses
tests/golden/check/fixedbugs-351-stray-minus-lines-over-an-arm-are-told-one-each.hero:31:13: error[continuation_outside_brackets]: a line outside brackets ends its statement, and this one cannot end with `-`: the next line goes on with it at the same margin, where a new statement begins; write the statement on one line, or break it inside parentheses
tests/golden/check/fixedbugs-351-stray-minus-lines-over-an-arm-are-told-one-each.hero:32:13: error[continuation_outside_brackets]: a line outside brackets ends its statement, and this one cannot end with `-`: the next line goes on with it at a shallower margin, where the block above ends; write the statement on one line, or break it inside parentheses
tests/golden/check/fixedbugs-351-stray-minus-lines-over-an-arm-are-told-one-each.hero:40:13: error[continuation_outside_brackets]: a line outside brackets ends its statement, and this one cannot end with `-`: the next line goes on with it one level deeper, where a block would begin; write the statement on one line, or break it inside parentheses
tests/golden/check/fixedbugs-351-stray-minus-lines-over-an-arm-are-told-one-each.hero:41:17: error[continuation_outside_brackets]: a line outside brackets ends its statement, and this one cannot end with `-`: the next line goes on with it one level deeper, where a block would begin; write the statement on one line, or break it inside parentheses
tests/golden/check/fixedbugs-351-stray-minus-lines-over-an-arm-are-told-one-each.hero:42:21: error[continuation_outside_brackets]: a line outside brackets ends its statement, and this one cannot end with `-`: the next line goes on with it at a shallower margin, where the block above ends; write the statement on one line, or break it inside parentheses
tests/golden/check/fixedbugs-351-stray-minus-lines-over-an-arm-are-told-one-each.hero:50:17: error[continuation_outside_brackets]: a line outside brackets ends its statement, and this one cannot end with `-`: the next line goes on with it at the same margin, where a new statement begins; write the statement on one line, or break it inside parentheses
tests/golden/check/fixedbugs-351-stray-minus-lines-over-an-arm-are-told-one-each.hero:51:13: error[continuation_outside_brackets]: a line outside brackets ends its statement, and this one cannot end with `-`: the next line goes on with it at a shallower margin, where the block above ends; write the statement on one line, or break it inside parentheses
tests/golden/check/fixedbugs-351-stray-minus-lines-over-an-arm-are-told-one-each.hero:59:13: error[continuation_outside_brackets]: a line outside brackets ends its statement, and this one cannot end with `+`: the next line goes on with it one level deeper, where a block would begin; write the statement on one line, or break it inside parentheses
tests/golden/check/fixedbugs-351-stray-minus-lines-over-an-arm-are-told-one-each.hero:60:17: error[continuation_outside_brackets]: a line outside brackets ends its statement, and this one cannot end with `+`: the next line goes on with it at a shallower margin, where the block above ends; write the statement on one line, or break it inside parentheses
tests/golden/check/fixedbugs-351-stray-minus-lines-over-an-arm-are-told-one-each.hero:68:13: error[continuation_outside_brackets]: a line outside brackets ends its statement, and this one cannot end with `-`: the next line goes on with it one level deeper, where a block would begin; write the statement on one line, or break it inside parentheses
tests/golden/check/fixedbugs-351-stray-minus-lines-over-an-arm-are-told-one-each.hero:69:17: error[continuation_outside_brackets]: a line outside brackets ends its statement, and this one cannot end with `-`: the next line goes on with it at a shallower margin, where the block above ends; write the statement on one line, or break it inside parentheses
tests/golden/check/fixedbugs-351-stray-minus-lines-over-an-arm-are-told-one-each.hero:76:13: error[continuation_outside_brackets]: a line outside brackets ends its statement, and this one cannot end with `-`: the next line goes on with it at a shallower margin, where the block above ends; write the statement on one line, or break it inside parentheses
