tests/golden/check/fixedbugs-131-two-spaces-a-level-is-one-message.hero:17:1: error[indentation_not_multiple_of_4]: indentation must be exactly 4 spaces per level; found 2, and this line and the 2 below it indent 2 spaces a level
tests/golden/check/fixedbugs-131-two-spaces-a-level-is-one-message.hero:22:1: error[indentation_not_multiple_of_4]: indentation must be exactly 4 spaces per level; found 2, and this line and the 3 below it indent 2 spaces a level
tests/golden/check/fixedbugs-131-two-spaces-a-level-is-one-message.hero:28:1: error[indentation_not_multiple_of_4]: indentation must be exactly 4 spaces per level; found 2, and this line and the 2 below it indent 2 spaces a level
tests/golden/check/fixedbugs-131-two-spaces-a-level-is-one-message.hero:33:1: error[indentation_not_multiple_of_4]: indentation must be exactly 4 spaces per level; found 2, and this line and the one below it indent 2 spaces a level
tests/golden/check/fixedbugs-131-two-spaces-a-level-is-one-message.hero:37:1: error[indentation_not_multiple_of_4]: indentation must be exactly 4 spaces per level; found 2, and this line and the 2 below it indent 2 spaces a level
tests/golden/check/fixedbugs-131-two-spaces-a-level-is-one-message.hero:42:1: error[indentation_not_multiple_of_4]: indentation must be exactly 4 spaces per level; found 2
tests/golden/check/fixedbugs-131-two-spaces-a-level-is-one-message.hero:45:1: error[indentation_not_multiple_of_4]: indentation must be exactly 4 spaces per level; found 2, and this line and the 2 below it indent 2 spaces a level
tests/golden/check/fixedbugs-131-two-spaces-a-level-is-one-message.hero:50:1: error[indentation_not_multiple_of_4]: indentation must be exactly 4 spaces per level; found 2, and this line and the 4 below it indent 2 spaces a level
tests/golden/check/fixedbugs-131-two-spaces-a-level-is-one-message.hero:57:1: error[indentation_not_multiple_of_4]: indentation must be exactly 4 spaces per level; found 2, and this line and the 3 below it indent 2 spaces a level
tests/golden/check/fixedbugs-131-two-spaces-a-level-is-one-message.hero:63:1: error[indentation_not_multiple_of_4]: indentation must be exactly 4 spaces per level; found 2, and this line and the 3 below it indent 2 spaces a level
tests/golden/check/fixedbugs-131-two-spaces-a-level-is-one-message.hero:73:1: error[indentation_not_multiple_of_4]: indentation must be exactly 4 spaces per level; found 6, and this line and the 3 below it indent 2 spaces a level
tests/golden/check/fixedbugs-131-two-spaces-a-level-is-one-message.hero:81:1: error[indentation_not_multiple_of_4]: indentation must be exactly 4 spaces per level; found 6
tests/golden/check/fixedbugs-131-two-spaces-a-level-is-one-message.hero:85:1: error[indentation_not_multiple_of_4]: indentation must be exactly 4 spaces per level; found 2
tests/golden/check/fixedbugs-131-two-spaces-a-level-is-one-message.hero:88:1: error[indentation_not_multiple_of_4]: indentation must be exactly 4 spaces per level; found 2
