tests/golden/check/fixedbugs-410-a-run-of-openers-one-line-left-open-is-one-message.hero:21:9: error[unclosed_bracket]: `[` opened here and 1 more after it on its line are still open at line 23, where `function` begins a line no bracket can hold
tests/golden/check/fixedbugs-410-a-run-of-openers-one-line-left-open-is-one-message.hero:24:9: error[unclosed_bracket]: `[` opened here and 2 more after it on its line are still open at line 26, where `function` begins a line no bracket can hold
tests/golden/check/fixedbugs-410-a-run-of-openers-one-line-left-open-is-one-message.hero:27:9: error[unclosed_bracket]: `[` opened here and 99 more after it on its line are still open at line 29, where `function` begins a line no bracket can hold
tests/golden/check/fixedbugs-410-a-run-of-openers-one-line-left-open-is-one-message.hero:30:10: error[unclosed_bracket]: `(` opened here and 2 more after it on its line are still open at line 32, where `function` begins a line no bracket can hold
tests/golden/check/fixedbugs-410-a-run-of-openers-one-line-left-open-is-one-message.hero:33:9: error[unclosed_bracket]: `[` opened here and 1 more after it on its line are still open at line 35, where `function` begins a line no bracket can hold
tests/golden/check/fixedbugs-410-a-run-of-openers-one-line-left-open-is-one-message.hero:36:9: error[unclosed_bracket]: `[` opened here and 1 more after it on its line are still open at line 38, where `function` begins a line no bracket can hold
tests/golden/check/fixedbugs-410-a-run-of-openers-one-line-left-open-is-one-message.hero:39:10: error[unclosed_bracket]: `(` opened here and 1 more after it on its line are still open at line 40, where `if` begins a line no bracket can hold
tests/golden/check/fixedbugs-410-a-run-of-openers-one-line-left-open-is-one-message.hero:45:14: error[unclosed_bracket]: `[` opened here and 1 more after it on its line are never closed
tests/golden/check/fixedbugs-410-a-run-of-openers-one-line-left-open-is-one-message.hero:49:10: error[unclosed_bracket]: `(` opened here is still open at line 53, where `function` begins a line no bracket can hold
tests/golden/check/fixedbugs-410-a-run-of-openers-one-line-left-open-is-one-message.hero:50:9: error[unclosed_bracket]: `[` opened here is still open at line 53, where `function` begins a line no bracket can hold
tests/golden/check/fixedbugs-410-a-run-of-openers-one-line-left-open-is-one-message.hero:51:13: error[unclosed_bracket]: `(` opened here is still open at line 53, where `function` begins a line no bracket can hold
tests/golden/check/fixedbugs-410-a-run-of-openers-one-line-left-open-is-one-message.hero:55:15: error[unclosed_bracket]: `{` opened here is never closed
tests/golden/check/fixedbugs-410-a-run-of-openers-one-line-left-open-is-one-message.hero:55:9: error[unclosed_bracket]: `[` opened here is still open at line 57, where `function` begins a line no bracket can hold
tests/golden/check/fixedbugs-410-a-run-of-openers-one-line-left-open-is-one-message.hero:55:19: error[unclosed_bracket]: `[` opened here is still open at line 57, where `function` begins a line no bracket can hold
tests/golden/check/fixedbugs-410-a-run-of-openers-one-line-left-open-is-one-message.hero:55:17: error[expected_map_entry_colon]: expected `:` between a map's key and its value, found `)` — the `{` still open at column 15 of this line: write `}` for this `)`
