tests/golden/check/fixedbugs-283-a-character-that-reorders-or-breaks-its-line-is-refused-in-a-string.hero:11:25: error[invisible_character]: this string holds the invisible character U+202E written as itself, which reorders the rest of its line as a screen draws it, so the line can read as another program: a string writes it by its code, as `\u{202e}`
tests/golden/check/fixedbugs-283-a-character-that-reorders-or-breaks-its-line-is-refused-in-a-string.hero:14:14: error[invisible_character]: this string holds the invisible character U+200F written as itself, which reorders the rest of its line as a screen draws it, so the line can read as another program: a string writes it by its code, as `\u{200f}`
tests/golden/check/fixedbugs-283-a-character-that-reorders-or-breaks-its-line-is-refused-in-a-string.hero:14:16: error[invisible_character]: this string holds the invisible character U+200F written as itself, which reorders the rest of its line as a screen draws it, so the line can read as another program: a string writes it by its code, as `\u{200f}`
tests/golden/check/fixedbugs-283-a-character-that-reorders-or-breaks-its-line-is-refused-in-a-string.hero:15:13: error[invisible_character]: this string holds the invisible character U+200E written as itself, which reorders the rest of its line as a screen draws it, so the line can read as another program: a string writes it by its code, as `\u{200e}`
tests/golden/check/fixedbugs-283-a-character-that-reorders-or-breaks-its-line-is-refused-in-a-string.hero:15:15: error[invisible_character]: this string holds the invisible character U+061C written as itself, which reorders the rest of its line as a screen draws it, so the line can read as another program: a string writes it by its code, as `\u{61c}`
tests/golden/check/fixedbugs-283-a-character-that-reorders-or-breaks-its-line-is-refused-in-a-string.hero:18:12: error[invisible_character]: this string holds the invisible character U+202A written as itself, which reorders the rest of its line as a screen draws it, so the line can read as another program: a string writes it by its code, as `\u{202a}`
tests/golden/check/fixedbugs-283-a-character-that-reorders-or-breaks-its-line-is-refused-in-a-string.hero:18:14: error[invisible_character]: this string holds the invisible character U+202C written as itself, which reorders the rest of its line as a screen draws it, so the line can read as another program: a string writes it by its code, as `\u{202c}`
tests/golden/check/fixedbugs-283-a-character-that-reorders-or-breaks-its-line-is-refused-in-a-string.hero:18:16: error[invisible_character]: this string holds the invisible character U+2066 written as itself, which reorders the rest of its line as a screen draws it, so the line can read as another program: a string writes it by its code, as `\u{2066}`
tests/golden/check/fixedbugs-283-a-character-that-reorders-or-breaks-its-line-is-refused-in-a-string.hero:18:18: error[invisible_character]: this string holds the invisible character U+2069 written as itself, which reorders the rest of its line as a screen draws it, so the line can read as another program: a string writes it by its code, as `\u{2069}`
tests/golden/check/fixedbugs-283-a-character-that-reorders-or-breaks-its-line-is-refused-in-a-string.hero:21:13: error[invisible_character]: this string holds the invisible character U+202E written as itself, and one more after it, which reorders the rest of its line as a screen draws it, so the line can read as another program: a string writes it by its code, as `\u{202e}`
tests/golden/check/fixedbugs-283-a-character-that-reorders-or-breaks-its-line-is-refused-in-a-string.hero:24:15: error[invisible_character]: this string holds the invisible character U+2028 written as itself, which a screen may draw as a line break: a string writes it by its code, as `\u{2028}`
tests/golden/check/fixedbugs-283-a-character-that-reorders-or-breaks-its-line-is-refused-in-a-string.hero:24:19: error[invisible_character]: this string holds the invisible character U+2029 written as itself, which a screen may draw as a line break: a string writes it by its code, as `\u{2029}`
tests/golden/check/fixedbugs-283-a-character-that-reorders-or-breaks-its-line-is-refused-in-a-string.hero:28:13: error[invisible_character]: this string holds the invisible character U+202E written as itself, which reorders the rest of its line as a screen draws it, so the line can read as another program: a string writes it by its code, as `\u{202e}`
