tests/golden/check/fixedbugs-608-a-wildcard-cell-at-the-top-of-a-body.hero:14:5: error[never_rebound]: `_` binds nothing, so a cell declared on it is one nothing can re-bind — a value dropped on purpose is written `_ = …`: write `=` where the `@=` is
tests/golden/check/fixedbugs-608-a-wildcard-cell-at-the-top-of-a-body.hero:15:5: error[never_rebound]: `_` binds nothing, so a cell declared on it is one nothing can re-bind — a value dropped on purpose is written `_ = …`: write `=` where the `@=` is
