tests/golden/check/fixedbugs-135-an-escape-by-a-character-s-code.hero:13:13: error[unknown_escape]: `\x41` is not an escape sequence — a string holds its characters as themselves, and this language has no escape for one by its code; write `\\` for a literal backslash
tests/golden/check/fixedbugs-135-an-escape-by-a-character-s-code.hero:16:15: error[unknown_escape]: `\u00e9` is not an escape sequence — a string holds its characters as themselves, and this language has no escape for one by its code; write `\\` for a literal backslash
tests/golden/check/fixedbugs-135-an-escape-by-a-character-s-code.hero:16:26: error[unknown_escape]: `\u{1F600}` is not an escape sequence — a string holds its characters as themselves, and this language has no escape for one by its code; write `\\` for a literal backslash
tests/golden/check/fixedbugs-135-an-escape-by-a-character-s-code.hero:16:40: error[unknown_escape]: `\U0001F600` is not an escape sequence — a string holds its characters as themselves, and this language has no escape for one by its code; write `\\` for a literal backslash
tests/golden/check/fixedbugs-135-an-escape-by-a-character-s-code.hero:19:13: error[unknown_escape]: `\0` is not an escape sequence — a string holds its characters as themselves, and this language has no escape for one by its code; write `\\` for a literal backslash
tests/golden/check/fixedbugs-135-an-escape-by-a-character-s-code.hero:19:17: error[unknown_escape]: `\101` is not an escape sequence — a string holds its characters as themselves, and this language has no escape for one by its code; write `\\` for a literal backslash
tests/golden/check/fixedbugs-135-an-escape-by-a-character-s-code.hero:22:12: error[unknown_escape]: `\a` is not an escape sequence — a string holds its characters as themselves, and this language has no escape for one by its code; write `\\` for a literal backslash
tests/golden/check/fixedbugs-135-an-escape-by-a-character-s-code.hero:22:14: error[unknown_escape]: `\b` is not an escape sequence — a string holds its characters as themselves, and this language has no escape for one by its code; write `\\` for a literal backslash
tests/golden/check/fixedbugs-135-an-escape-by-a-character-s-code.hero:22:16: error[unknown_escape]: `\e` is not an escape sequence — a string holds its characters as themselves, and this language has no escape for one by its code; write `\\` for a literal backslash
tests/golden/check/fixedbugs-135-an-escape-by-a-character-s-code.hero:22:18: error[unknown_escape]: `\f` is not an escape sequence — a string holds its characters as themselves, and this language has no escape for one by its code; write `\\` for a literal backslash
tests/golden/check/fixedbugs-135-an-escape-by-a-character-s-code.hero:22:20: error[unknown_escape]: `\v` is not an escape sequence — a string holds its characters as themselves, and this language has no escape for one by its code; write `\\` for a literal backslash
