tests/golden/check/fixedbugs-324-zeros-before-a-base-marker.hero:11:9: error[leading_zero]: `00` starts with a zero, and this language reads no meaning into that
tests/golden/check/fixedbugs-324-zeros-before-a-base-marker.hero:11:11: error[expected_end_of_line]: expected the end of the line, found a name (`x7`) — one statement per line, no semicolons
