tests/golden/check/fixedbugs-544-a-form-a-generic-function-s-parameter-gives-no-type-names-it.hero:42:33: error[type_mismatch]: expected `str`, found `i64`
tests/golden/check/fixedbugs-544-a-form-a-generic-function-s-parameter-gives-no-type-names-it.hero:79:18: error[cannot_infer]: `ok(…)` takes its type from the type its position asks for, and `n` of `opt` asks for `A?`: no other argument and no context says what `A` is
tests/golden/check/fixedbugs-544-a-form-a-generic-function-s-parameter-gives-no-type-names-it.hero:80:18: error[cannot_infer]: `fail(…)` takes its type from the type its position asks for, and `n` of `opt` asks for `A?`: no other argument and no context says what `A` is
tests/golden/check/fixedbugs-544-a-form-a-generic-function-s-parameter-gives-no-type-names-it.hero:81:11: error[cannot_infer]: `ok(…)` takes its type from the type its position asks for, and the value written before `.opt(…)`, `n`, asks for `A?`: no other argument and no context says what `A` is
tests/golden/check/fixedbugs-544-a-form-a-generic-function-s-parameter-gives-no-type-names-it.hero:82:21: error[cannot_infer]: `.plus` takes its type from the type its position asks for, and `o` of `chosen` asks for `A`: no other argument and no context says what `A` is
tests/golden/check/fixedbugs-544-a-form-a-generic-function-s-parameter-gives-no-type-names-it.hero:83:22: error[cannot_infer]: `[]` takes its type from the type its position asks for, and `ys` of `listed` asks for `[A]`: no other argument and no context says what `A` is
tests/golden/check/fixedbugs-544-a-form-a-generic-function-s-parameter-gives-no-type-names-it.hero:84:21: error[cannot_infer]: `{}` takes its type from the type its position asks for, and `m` of `mapped` asks for `{K: V}`: no other argument and no context says what `K` and `V` are
