tests/golden/check/fixedbugs-130-an-orphan-below-a-failed-line-is-named-once.hero:19:11: error[expected_end_of_line]: expected the end of the line, found `)` — one statement per line, no semicolons
tests/golden/check/fixedbugs-130-an-orphan-below-a-failed-line-is-named-once.hero:20:1: error[unexpected_block]: this block is indented deeper than anything that opens one
tests/golden/check/fixedbugs-130-an-orphan-below-a-failed-line-is-named-once.hero:24:16: error[expected_end_of_line]: expected the end of the line, found `)` — one statement per line, no semicolons
tests/golden/check/fixedbugs-130-an-orphan-below-a-failed-line-is-named-once.hero:25:1: error[unexpected_block]: this block is indented deeper than anything that opens one
tests/golden/check/fixedbugs-130-an-orphan-below-a-failed-line-is-named-once.hero:29:18: error[trailing_comma]: a trailing comma is not part of the list — write `f(a, b)`, `[1, 2]`
tests/golden/check/fixedbugs-130-an-orphan-below-a-failed-line-is-named-once.hero:30:1: error[unexpected_block]: this block is indented deeper than anything that opens one
tests/golden/check/fixedbugs-130-an-orphan-below-a-failed-line-is-named-once.hero:33:19: error[expected_group_close]: expected `)` to close the group, found `,`
tests/golden/check/fixedbugs-130-an-orphan-below-a-failed-line-is-named-once.hero:34:1: error[unexpected_block]: this block is indented deeper than anything that opens one
tests/golden/check/fixedbugs-130-an-orphan-below-a-failed-line-is-named-once.hero:37:8: error[expected_type]: expected a type, found `=` — a type is `i64`, `f64`, `bool`, `str`, `[T]`, `{K: V}`, `T?`, `()`, or the name of a `record` or `variant`
tests/golden/check/fixedbugs-130-an-orphan-below-a-failed-line-is-named-once.hero:38:1: error[unexpected_block]: this block is indented deeper than anything that opens one
tests/golden/check/fixedbugs-130-an-orphan-below-a-failed-line-is-named-once.hero:41:14: error[expected_end_of_line]: expected the end of the line, found `)` — one statement per line, no semicolons
tests/golden/check/fixedbugs-130-an-orphan-below-a-failed-line-is-named-once.hero:42:1: error[unexpected_block]: this block is indented deeper than anything that opens one
tests/golden/check/fixedbugs-130-an-orphan-below-a-failed-line-is-named-once.hero:45:19: error[expected_end_of_line]: expected the end of the line, found `)` — one statement per line, no semicolons
tests/golden/check/fixedbugs-130-an-orphan-below-a-failed-line-is-named-once.hero:46:1: error[unexpected_block]: this block is indented deeper than anything that opens one
tests/golden/check/fixedbugs-130-an-orphan-below-a-failed-line-is-named-once.hero:50:15: error[expected_end_of_line]: expected the end of the line, found `)` — one statement per line, no semicolons
tests/golden/check/fixedbugs-130-an-orphan-below-a-failed-line-is-named-once.hero:51:1: error[unexpected_block]: this block is indented deeper than anything that opens one
tests/golden/check/fixedbugs-130-an-orphan-below-a-failed-line-is-named-once.hero:56:11: error[expected_end_of_line]: expected the end of the line, found `)` — one statement per line, no semicolons
tests/golden/check/fixedbugs-130-an-orphan-below-a-failed-line-is-named-once.hero:58:1: error[unexpected_block]: this block is indented deeper than anything that opens one
tests/golden/check/fixedbugs-130-an-orphan-below-a-failed-line-is-named-once.hero:58:15: error[expected_end_of_line]: expected the end of the line, found `)` — one statement per line, no semicolons
tests/golden/check/fixedbugs-130-an-orphan-below-a-failed-line-is-named-once.hero:59:1: error[unexpected_block]: this block is indented deeper than anything that opens one
tests/golden/check/fixedbugs-130-an-orphan-below-a-failed-line-is-named-once.hero:64:11: error[expected_end_of_line]: expected the end of the line, found `)` — one statement per line, no semicolons
tests/golden/check/fixedbugs-130-an-orphan-below-a-failed-line-is-named-once.hero:65:1: error[unexpected_block]: this block is indented deeper than anything that opens one
tests/golden/check/fixedbugs-130-an-orphan-below-a-failed-line-is-named-once.hero:70:9: error[expected_end_of_line]: expected the end of the line, found a name (`x`) — one statement per line, no semicolons
tests/golden/check/fixedbugs-130-an-orphan-below-a-failed-line-is-named-once.hero:75:5: error[expected_expression]: expected an expression, found `function` — a value, a name, a call, `[`, `{`, `.case`, `if`, `match`, or `???`
tests/golden/check/fixedbugs-130-an-orphan-below-a-failed-line-is-named-once.hero:83:11: error[expected_end_of_line]: expected the end of the line, found `)` — one statement per line, no semicolons
tests/golden/check/fixedbugs-130-an-orphan-below-a-failed-line-is-named-once.hero:84:1: error[unexpected_block]: this block is indented deeper than anything that opens one
