tests/golden/check/fixedbugs-135-a-token-moved-up-inside-a-bracket-never-closed-is-a-guess.hero:21:24: error[unclosed_bracket]: `[` opened here is still open at line 25, where `function` begins a line no bracket can hold
tests/golden/check/fixedbugs-135-a-token-moved-up-inside-a-bracket-never-closed-is-a-guess.hero:31:18: error[unclosed_bracket]: `(` opened here is still open at line 35, where `function` begins a line no bracket can hold
