tests/golden/check/fixedbugs-a-list-split-a-subtraction-broken-before-its-minus.hero:18:9: error[spaced_minus_element]: this line of the list begins with `- `, a minus set apart from its value by a space, and a line end with no `,` in a list starts a new element, so it would be a negative element where the gap says a subtraction: to subtract, end the line above with the `-`; for a negative element, write the `-` against its value
tests/golden/check/fixedbugs-a-list-split-a-subtraction-broken-before-its-minus.hero:20:9: error[spaced_minus_element]: this line of the list begins with `-` and a comment, a minus set apart from its value, and a line end with no `,` in a list starts a new element, so it would be a negative element where the gap says a subtraction: to subtract, end the line above with the `-`; for a negative element, write the `-` against its value
tests/golden/check/fixedbugs-a-list-split-a-subtraction-broken-before-its-minus.hero:23:9: error[spaced_minus_element]: this line of the list holds only `-`, a minus set apart from its value by a line end, and a line end with no `,` in a list starts a new element, so it would be a negative element where the gap says a subtraction: to subtract, end the line above with the `-`; for a negative element, write the `-` against its value
tests/golden/check/fixedbugs-a-list-split-a-subtraction-broken-before-its-minus.hero:26:9: error[spaced_minus_element]: this line of the map begins with `- `, a minus set apart from its value by a space, and a line end with no `,` in a map starts a new entry, which this line is, since it holds the entry's `:`: the `-` is the key's sign, so write it against the key
tests/golden/check/fixedbugs-a-list-split-a-subtraction-broken-before-its-minus.hero:28:9: error[spaced_minus_element]: this line of the map begins with `- `, a minus set apart from its value by a space, and a line end with no `,` in a map starts a new entry, which this line cannot be, since it holds no `:`: to subtract, end the line above with the `-`
