tests/golden/check/fixedbugs-130-a-block-below-a-line-that-failed-past-its-declaration.hero:30:1: error[reserved_word]: `import` and `include` are not words in this language — a module is named with `use`: `use geom`
tests/golden/check/fixedbugs-130-a-block-below-a-line-that-failed-past-its-declaration.hero:38:5: error[reserved_word]: `fn` is not a word in this language — use `function`: `function f(x: i64) -> i64`
tests/golden/check/fixedbugs-130-a-block-below-a-line-that-failed-past-its-declaration.hero:15:10: error[expected_declaration]: expected a declaration, found `)` — every top-level line starts with its kind: `use`, `constant`, `function`, `record`, `variant`, `test "…"`, or `extern`
tests/golden/check/fixedbugs-130-a-block-below-a-line-that-failed-past-its-declaration.hero:16:1: error[expected_declaration]: expected a declaration, found an indented block — every top-level line starts with its kind: `use`, `constant`, `function`, `record`, `variant`, `test "…"`, or `extern`
tests/golden/check/fixedbugs-130-a-block-below-a-line-that-failed-past-its-declaration.hero:16:11: error[expected_end_of_line]: expected the end of the line, found `)` — one statement per line, no semicolons
tests/golden/check/fixedbugs-130-a-block-below-a-line-that-failed-past-its-declaration.hero:18:15: error[expected_declaration]: expected a declaration, found a name (`x`) — every top-level line starts with its kind: `use`, `constant`, `function`, `record`, `variant`, `test "…"`, or `extern`
tests/golden/check/fixedbugs-130-a-block-below-a-line-that-failed-past-its-declaration.hero:19:1: error[expected_declaration]: expected a declaration, found an indented block — every top-level line starts with its kind: `use`, `constant`, `function`, `record`, `variant`, `test "…"`, or `extern`
tests/golden/check/fixedbugs-130-a-block-below-a-line-that-failed-past-its-declaration.hero:21:5: error[use_wants_a_name]: a module is named, not quoted — write `use geom`, which reads `geom.hero` from the directory of the file you compile
tests/golden/check/fixedbugs-130-a-block-below-a-line-that-failed-past-its-declaration.hero:21:12: error[expected_declaration]: expected a declaration, found `)` — every top-level line starts with its kind: `use`, `constant`, `function`, `record`, `variant`, `test "…"`, or `extern`
tests/golden/check/fixedbugs-130-a-block-below-a-line-that-failed-past-its-declaration.hero:22:1: error[expected_declaration]: expected a declaration, found an indented block — every top-level line starts with its kind: `use`, `constant`, `function`, `record`, `variant`, `test "…"`, or `extern`
tests/golden/check/fixedbugs-130-a-block-below-a-line-that-failed-past-its-declaration.hero:24:5: error[use_wants_a_name]: a module is named, not quoted — write `use shapes`, which reads `shapes.hero` from the directory of the file you compile
tests/golden/check/fixedbugs-130-a-block-below-a-line-that-failed-past-its-declaration.hero:25:1: error[expected_declaration]: expected a declaration, found an indented block — every top-level line starts with its kind: `use`, `constant`, `function`, `record`, `variant`, `test "…"`, or `extern`
tests/golden/check/fixedbugs-130-a-block-below-a-line-that-failed-past-its-declaration.hero:27:1: error[expected_module_name]: expected the module's name after `use`, found end of line — `use geom`, which reads `geom.hero` beside this file
tests/golden/check/fixedbugs-130-a-block-below-a-line-that-failed-past-its-declaration.hero:28:1: error[expected_declaration]: expected a declaration, found an indented block — every top-level line starts with its kind: `use`, `constant`, `function`, `record`, `variant`, `test "…"`, or `extern`
tests/golden/check/fixedbugs-130-a-block-below-a-line-that-failed-past-its-declaration.hero:30:13: error[expected_declaration]: expected a declaration, found `)` — every top-level line starts with its kind: `use`, `constant`, `function`, `record`, `variant`, `test "…"`, or `extern`
tests/golden/check/fixedbugs-130-a-block-below-a-line-that-failed-past-its-declaration.hero:31:1: error[expected_declaration]: expected a declaration, found an indented block — every top-level line starts with its kind: `use`, `constant`, `function`, `record`, `variant`, `test "…"`, or `extern`
tests/golden/check/fixedbugs-130-a-block-below-a-line-that-failed-past-its-declaration.hero:34:25: error[expected_extern_signature]: expected a `function`, a `constant` or a `record`, found `)` — an `extern` group holds what the header declares, one per line
tests/golden/check/fixedbugs-130-a-block-below-a-line-that-failed-past-its-declaration.hero:35:1: error[extern_has_body]: an `extern` declaration has no body — it names a C function, and C provides the code
tests/golden/check/fixedbugs-130-a-block-below-a-line-that-failed-past-its-declaration.hero:36:21: error[expected_extern_signature]: expected a `function`, a `constant` or a `record`, found a name (`x`) — an `extern` group holds what the header declares, one per line
tests/golden/check/fixedbugs-130-a-block-below-a-line-that-failed-past-its-declaration.hero:37:1: error[extern_has_body]: an `extern` declaration has no body — this `constant` names one the header already defines, so the value is the header's and never yours
tests/golden/check/fixedbugs-130-a-block-below-a-line-that-failed-past-its-declaration.hero:38:19: error[expected_extern_signature]: expected a `function`, a `constant` or a `record`, found `)` — an `extern` group holds what the header declares, one per line
tests/golden/check/fixedbugs-130-a-block-below-a-line-that-failed-past-its-declaration.hero:39:1: error[extern_has_body]: an `extern` declaration has no body — it names a C function, and C provides the code
tests/golden/check/fixedbugs-130-a-block-below-a-line-that-failed-past-its-declaration.hero:40:25: error[expected_extern_signature]: expected a `function`, a `constant` or a `record`, found `)` — an `extern` group holds what the header declares, one per line
tests/golden/check/fixedbugs-130-a-block-below-a-line-that-failed-past-its-declaration.hero:42:8: error[expected_extern_header]: expected the header's name in quotes after `extern`, found `)` — `extern "sqlite3.h"`
tests/golden/check/fixedbugs-130-a-block-below-a-line-that-failed-past-its-declaration.hero:43:25: error[expected_extern_signature]: expected a `function`, a `constant` or a `record`, found `)` — an `extern` group holds what the header declares, one per line
tests/golden/check/fixedbugs-130-a-block-below-a-line-that-failed-past-its-declaration.hero:44:14: error[expected_end_of_line]: expected the end of the line after `record R`, found `)` — its fields go on the lines below it, one level deeper
