tests/golden/check/fixedbugs-a-pattern-takes-one-literal-after-its-sign.hero:19:10: error[expected_pattern]: expected a pattern, found a name (`m`) — `.case`, `.case name`, `_` (on `i64`/`str` only), or an integer, a string or a character, with an optional `-`
tests/golden/check/fixedbugs-a-pattern-takes-one-literal-after-its-sign.hero:24:11: error[expected_pattern]: expected a pattern, found a name (`m`) — `.case`, `.case name`, `_` (on `i64`/`str` only), or an integer, a string or a character, with an optional `-`
tests/golden/check/fixedbugs-a-pattern-takes-one-literal-after-its-sign.hero:29:10: error[expected_pattern]: expected a pattern, found a name (`one`) — `.case`, `.case name`, `_` (on `i64`/`str` only), or an integer, a string or a character, with an optional `-`
tests/golden/check/fixedbugs-a-pattern-takes-one-literal-after-its-sign.hero:34:10: error[expected_pattern]: expected a pattern, found `(` — `.case`, `.case name`, `_` (on `i64`/`str` only), or an integer, a string or a character, with an optional `-`
tests/golden/check/fixedbugs-a-pattern-takes-one-literal-after-its-sign.hero:39:10: error[expected_pattern]: expected a pattern, found a name (`xs`) — `.case`, `.case name`, `_` (on `i64`/`str` only), or an integer, a string or a character, with an optional `-`
tests/golden/check/fixedbugs-a-pattern-takes-one-literal-after-its-sign.hero:44:10: error[expected_pattern]: expected a pattern, found `-` — `.case`, `.case name`, `_` (on `i64`/`str` only), or an integer, a string or a character, with an optional `-`
tests/golden/check/fixedbugs-a-pattern-takes-one-literal-after-its-sign.hero:49:10: error[expected_pattern]: expected a pattern, found a number (`1.5`) — `.case`, `.case name`, `_` (on `i64`/`str` only), or an integer, a string or a character, with an optional `-`
tests/golden/check/fixedbugs-a-pattern-takes-one-literal-after-its-sign.hero:54:9: error[expected_pattern]: expected a pattern, found a number (`1.5`) — `.case`, `.case name`, `_` (on `i64`/`str` only), or an integer, a string or a character, with an optional `-`
tests/golden/check/fixedbugs-a-pattern-takes-one-literal-after-its-sign.hero:59:13: error[expected_pattern]: a pattern is one literal and nothing after it, found `.` — `.case`, `.case name`, `_` (on `i64`/`str` only), or an integer, a string or a character, with an optional `-`; compare a computed value with `if`
tests/golden/check/fixedbugs-a-pattern-takes-one-literal-after-its-sign.hero:64:14: error[expected_pattern]: expected a pattern, found a name (`m`) — `.case`, `.case name`, `_` (on `i64`/`str` only), or an integer, a string or a character, with an optional `-`
