tests/golden/check/fixedbugs-130-a-member-line-holds-one-member.hero:47:5: error[reserved_word]: `class` is not a word in this language — use `record` (there is no inheritance)
tests/golden/check/fixedbugs-130-a-member-line-holds-one-member.hero:16:10: error[expected_end_of_line]: expected the end of the line after the case `dark`, found a name (`grey`) — one case per line, its fields on the lines below it, one level deeper
tests/golden/check/fixedbugs-130-a-member-line-holds-one-member.hero:17:10: error[expected_end_of_line]: expected the end of the line after the case `blue`, found a name (`green`) — one case per line, its fields on the lines below it, one level deeper
tests/golden/check/fixedbugs-130-a-member-line-holds-one-member.hero:20:12: error[expected_end_of_line]: expected the end of the line after the case `circle`, found a name (`f64`) — one case per line, its fields on the lines below it, one level deeper
tests/golden/check/fixedbugs-130-a-member-line-holds-one-member.hero:21:10: error[expected_end_of_line]: expected the end of the line after the case `ring`, found a name (`of`) — one case per line, its fields on the lines below it, one level deeper
tests/golden/check/fixedbugs-130-a-member-line-holds-one-member.hero:22:12: error[expected_end_of_line]: expected the end of the line after the case `square`, found a name (`side`) — one case per line, its fields on the lines below it, one level deeper
tests/golden/check/fixedbugs-130-a-member-line-holds-one-member.hero:24:8: error[expected_end_of_line]: expected the end of the line after the case `dot`, found `(` — one case per line, its fields on the lines below it, one level deeper
tests/golden/check/fixedbugs-130-a-member-line-holds-one-member.hero:25:10: error[expected_end_of_line]: expected the end of the line after the case `line`, found `=` — one case per line, its fields on the lines below it, one level deeper
tests/golden/check/fixedbugs-130-a-member-line-holds-one-member.hero:26:10: error[expected_end_of_line]: expected the end of the line after the case `point`, found `,` — one case per line, its fields on the lines below it, one level deeper
tests/golden/check/fixedbugs-130-a-member-line-holds-one-member.hero:27:10: error[expected_end_of_line]: expected the end of the line after the case `blob`, found `)` — one case per line, its fields on the lines below it, one level deeper
tests/golden/check/fixedbugs-130-a-member-line-holds-one-member.hero:29:16: error[expected_end_of_line]: expected the end of the line after the field `r`, found a name (`d`) — one field per line, `name: type`
tests/golden/check/fixedbugs-130-a-member-line-holds-one-member.hero:32:15: error[expected_end_of_line]: expected the end of the line after the field `left`, found a name (`right`) — one field per line, `name: type`
tests/golden/check/fixedbugs-130-a-member-line-holds-one-member.hero:33:14: error[expected_end_of_line]: expected the end of the line after the field `top`, found `)` — one field per line, `name: type`
tests/golden/check/fixedbugs-130-a-member-line-holds-one-member.hero:34:14: error[expected_end_of_line]: expected the end of the line after the field `low`, found `=` — one field per line, `name: type`
tests/golden/check/fixedbugs-130-a-member-line-holds-one-member.hero:37:14: error[expected_end_of_line]: expected the end of the line after `variant Tone`, found `{` — its cases go on the lines below it, one level deeper
tests/golden/check/fixedbugs-130-a-member-line-holds-one-member.hero:38:9: error[expected_end_of_line]: expected the end of the line after the case `warm`, found `,` — one case per line, its fields on the lines below it, one level deeper, and no `,` ends a member's line
tests/golden/check/fixedbugs-130-a-member-line-holds-one-member.hero:39:10: error[expected_end_of_line]: expected the end of the line after the case `dark`, found a name (`grey`) — one case per line, its fields on the lines below it, one level deeper
tests/golden/check/fixedbugs-130-a-member-line-holds-one-member.hero:44:16: error[expected_end_of_line]: expected the end of the line after the field `a`, found a name (`b`) — one field per line, `name: type`
tests/golden/check/fixedbugs-130-a-member-line-holds-one-member.hero:50:15: error[expected_end_of_line]: expected the end of the line after the case `b`, found a name (`c`) — one case per line, its fields on the lines below it, one level deeper
