tests/golden/check/fixedbugs-368-closers-that-begin-a-statement-are-one-run.hero:16:5: error[expected_expression]: expected an expression, found `))` — a value, a name, a call, `[`, `{`, `.case`, `if`, `match`, or `???`
tests/golden/check/fixedbugs-368-closers-that-begin-a-statement-are-one-run.hero:20:5: error[expected_expression]: expected an expression, found `)` — a value, a name, a call, `[`, `{`, `.case`, `if`, `match`, or `???`
tests/golden/check/fixedbugs-368-closers-that-begin-a-statement-are-one-run.hero:24:5: error[expected_expression]: expected an expression, found `)))` — a value, a name, a call, `[`, `{`, `.case`, `if`, `match`, or `???`
tests/golden/check/fixedbugs-368-closers-that-begin-a-statement-are-one-run.hero:28:5: error[expected_expression]: expected an expression, found `) )` — a value, a name, a call, `[`, `{`, `.case`, `if`, `match`, or `???`
tests/golden/check/fixedbugs-368-closers-that-begin-a-statement-are-one-run.hero:32:5: error[expected_expression]: expected an expression, found `)]` — a value, a name, a call, `[`, `{`, `.case`, `if`, `match`, or `???`
tests/golden/check/fixedbugs-368-closers-that-begin-a-statement-are-one-run.hero:36:5: error[expected_expression]: expected an expression, found `))` — a value, a name, a call, `[`, `{`, `.case`, `if`, `match`, or `???`
tests/golden/check/fixedbugs-368-closers-that-begin-a-statement-are-one-run.hero:41:9: error[expected_expression]: expected an expression, found `))` — a value, a name, a call, `[`, `{`, `.case`, `if`, `match`, or `???`
tests/golden/check/fixedbugs-368-closers-that-begin-a-statement-are-one-run.hero:45:5: error[expected_expression]: expected an expression, found `}}` — a value, a name, a call, `[`, `{`, `.case`, `if`, `match`, or `???`
tests/golden/check/fixedbugs-368-closers-that-begin-a-statement-are-one-run.hero:49:5: error[expected_expression]: expected an expression, found `]]` — a value, a name, a call, `[`, `{`, `.case`, `if`, `match`, or `???`
tests/golden/check/fixedbugs-368-closers-that-begin-a-statement-are-one-run.hero:53:5: error[expected_expression]: expected an expression, found `))` — a value, a name, a call, `[`, `{`, `.case`, `if`, `match`, or `???`
tests/golden/check/fixedbugs-368-closers-that-begin-a-statement-are-one-run.hero:64:1: error[expected_declaration]: expected a declaration, found `)` — every top-level line starts with its kind: `use`, `constant`, `function`, `record`, `variant`, `test "…"`, or `extern`
