tests/golden/check/fixedbugs-132-the-line-a-backslash-joins-tells-its-own-mistake.hero:12:13: error[unexpected_character]: `\` is not part of the language's syntax, and no line goes on past one: outside brackets a line ends its statement, and a long one breaks inside parentheses
tests/golden/check/fixedbugs-132-the-line-a-backslash-joins-tells-its-own-mistake.hero:17:13: error[unexpected_character]: `\` is not part of the language's syntax, and no line goes on past one: outside brackets a line ends its statement, and a long one breaks inside parentheses
tests/golden/check/fixedbugs-132-the-line-a-backslash-joins-tells-its-own-mistake.hero:13:11: error[expected_end_of_line]: expected the end of the line, found `)` — one statement per line, no semicolons
tests/golden/check/fixedbugs-132-the-line-a-backslash-joins-tells-its-own-mistake.hero:18:1: error[expected_expression]: expected an expression, found the end of the block — a value, a name, a call, `[`, `{`, `.case`, `if`, `match`, or `???`
