tests/golden/check/fixedbugs-180-a-range-in-another-language-s-spelling-is-one-message.hero:14:11: error[expected_field_name]: expected a field or function name after `.`, found `.` — `..` writes a range in other languages, and here a range is `range(from: a, to: b)`, which stops before `to`
tests/golden/check/fixedbugs-180-a-range-in-another-language-s-spelling-is-one-message.hero:15:13: error[expected_field_name]: expected a field or function name after `.`, found `.` — `..` writes a range in other languages, and here a range is `range(from: a, to: b)`, which stops before `to`
tests/golden/check/fixedbugs-180-a-range-in-another-language-s-spelling-is-one-message.hero:16:11: error[expected_field_name]: expected a field or function name after `.`, found `.` — `..` writes a range in other languages, and here a range is `range(from: a, to: b)`, which stops before `to`
tests/golden/check/fixedbugs-180-a-range-in-another-language-s-spelling-is-one-message.hero:17:11: error[expected_field_name]: expected a field or function name after `.`, found `.` — `..` writes a range in other languages, and here a range is `range(from: a, to: b)`, which stops before `to`
tests/golden/check/fixedbugs-180-a-range-in-another-language-s-spelling-is-one-message.hero:18:11: error[expected_field_name]: expected a field or function name after `.`, found `.` — `..` writes a range in other languages, and here a range is `range(from: a, to: b)`, which stops before `to`
tests/golden/check/fixedbugs-180-a-range-in-another-language-s-spelling-is-one-message.hero:19:11: error[expected_field_name]: expected a field or function name after `.`, found `.` — `..` writes a range in other languages, and here a range is `range(from: a, to: b)`, which stops before `to`
tests/golden/check/fixedbugs-180-a-range-in-another-language-s-spelling-is-one-message.hero:20:12: error[expected_field_name]: expected a field or function name after `.`, found `.` — `..` writes a range in other languages, and here a range is `range(from: a, to: b)`, which stops before `to`
tests/golden/check/fixedbugs-180-a-range-in-another-language-s-spelling-is-one-message.hero:21:13: error[expected_field_name]: expected a field or function name after `.`, found `.` — `..` writes a range in other languages, and here a range is `range(from: a, to: b)`, which stops before `to`
tests/golden/check/fixedbugs-180-a-range-in-another-language-s-spelling-is-one-message.hero:25:16: error[expected_field_name]: expected a field or function name after `.`, found `.` — `..` writes a range in other languages, and here a range is `range(from: a, to: b)`, which stops before `to`
tests/golden/check/fixedbugs-180-a-range-in-another-language-s-spelling-is-one-message.hero:26:15: error[expected_field_name]: expected a field or function name after `.`, found `.` — `..` writes a range in other languages, and here a range is `range(from: a, to: b)`, which stops before `to`
tests/golden/check/fixedbugs-180-a-range-in-another-language-s-spelling-is-one-message.hero:27:14: error[expected_field_name]: expected a field or function name after `.`, found `.` — `..` writes a range in other languages, and here a range is `range(from: a, to: b)`, which stops before `to`
tests/golden/check/fixedbugs-180-a-range-in-another-language-s-spelling-is-one-message.hero:28:14: error[expected_field_name]: expected a field or function name after `.`, found `.` — `..` writes a range in other languages, and here a range is `range(from: a, to: b)`, which stops before `to`
tests/golden/check/fixedbugs-180-a-range-in-another-language-s-spelling-is-one-message.hero:29:15: error[expected_case_name]: expected a variant case name after `.`, found `.` — `..` writes a range in other languages, and here a range is `range(from: a, to: b)`, which stops before `to`
tests/golden/check/fixedbugs-180-a-range-in-another-language-s-spelling-is-one-message.hero:32:16: error[expected_field_name]: expected a field or function name after `.`, found `.` — `..` writes a range in other languages, and here a range is `range(from: a, to: b)`, which stops before `to`
tests/golden/check/fixedbugs-180-a-range-in-another-language-s-spelling-is-one-message.hero:35:16: error[expected_field_name]: expected a field or function name after `.`, found `.` — `..` writes a range in other languages, and here a range is `range(from: a, to: b)`, which stops before `to`
tests/golden/check/fixedbugs-180-a-range-in-another-language-s-spelling-is-one-message.hero:38:16: error[expected_field_name]: expected a field or function name after `.`, found `.` — `..` writes a range in other languages, and here a range is `range(from: a, to: b)`, which stops before `to`
tests/golden/check/fixedbugs-180-a-range-in-another-language-s-spelling-is-one-message.hero:38:22: error[expected_expression]: expected an expression, found `)` — a value, a name, a call, `[`, `{`, `.case`, `if`, `match`, or `???`
