tests/golden/check/fixedbugs-432-a-use-of-a-refused-fixed-array-is-judged-as-its-growable.hero:21:9: error[fixed_outside_a_group]: `i64[3]` is a C array member, so it stands only as a field of a `record` inside an `extern` group, whose layout a C compiler chose — here no group's record holds it (§4.19)
tests/golden/check/fixedbugs-432-a-use-of-a-refused-fixed-array-is-judged-as-its-growable.hero:26:20: error[fixed_outside_a_group]: `i64[2]` is a C array member, so it stands only as a field of a `record` inside an `extern` group, whose layout a C compiler chose — here no group's record holds it (§4.19)
tests/golden/check/fixedbugs-432-a-use-of-a-refused-fixed-array-is-judged-as-its-growable.hero:29:21: error[fixed_outside_a_group]: `i64[2]` is a C array member, so it stands only as a field of a `record` inside an `extern` group, whose layout a C compiler chose — here no group's record holds it (§4.19)
tests/golden/check/fixedbugs-432-a-use-of-a-refused-fixed-array-is-judged-as-its-growable.hero:33:8: error[fixed_outside_a_group]: `i64[2][3]` is a C array member, so it stands only as a field of a `record` inside an `extern` group, whose layout a C compiler chose — here no group's record holds it (§4.19)
tests/golden/check/fixedbugs-432-a-use-of-a-refused-fixed-array-is-judged-as-its-growable.hero:47:13: error[bad_operand]: `len` takes `str`, `[T]` or `{K: V}`, found `i8[4]`
tests/golden/check/fixedbugs-432-a-use-of-a-refused-fixed-array-is-judged-as-its-growable.hero:52:5: error[bad_operand]: `print` takes any integer, a float, `bool` or `str`, found `i64[2][3]`
