tests/golden/check/fixedbugs-264-built-ins-found-by-name-along-a-chain-two-thousand-long.hero:19:21: error[needs_label]: two of `fail`'s parameters are `str`, so every one of them is named at the call site — this one is `code` in the order written, or `msg` in the other order
tests/golden/check/fixedbugs-264-built-ins-found-by-name-along-a-chain-two-thousand-long.hero:19:30: error[needs_label]: two of `fail`'s parameters are `str`, so every one of them is named at the call site — this one is `msg` in the order written, or `code` in the other order
tests/golden/check/fixedbugs-264-built-ins-found-by-name-along-a-chain-two-thousand-long.hero:27:17: error[wrong_label]: `slice` has nothing called `to` at this position — it is `from`
tests/golden/check/fixedbugs-264-built-ins-found-by-name-along-a-chain-two-thousand-long.hero:27:24: error[wrong_label]: `slice` has nothing called `from` at this position — it is `to`
tests/golden/check/fixedbugs-264-built-ins-found-by-name-along-a-chain-two-thousand-long.hero:28:17: error[needs_label]: two of `slice`'s parameters are `i64`, so every one of them is named at the call site — this one is `from` in the order written, or `to` in the other order
tests/golden/check/fixedbugs-264-built-ins-found-by-name-along-a-chain-two-thousand-long.hero:28:20: error[needs_label]: two of `slice`'s parameters are `i64`, so every one of them is named at the call site — this one is `to` in the order written, or `from` in the other order
tests/golden/check/fixedbugs-264-built-ins-found-by-name-along-a-chain-two-thousand-long.hero:29:9: error[builtin_as_value]: `len` is a built-in of the language, not a function value — several take any number of arguments, or arguments of several types, which no single signature can describe
tests/golden/check/fixedbugs-264-built-ins-found-by-name-along-a-chain-two-thousand-long.hero:30:9: error[cstr_escapes]: `.cstr()` lends this string to C for the length of one call (§4.19), and a lend may stand only as an argument of a call — here it stands somewhere the pointer outlives the bytes it points into
