tests/golden/check/fixedbugs-311-a-function-word-among-members-names-the-route.hero:14:5: error[reserved_word]: `fn` is not a word in this language — a `record` holds only its fields, and a `function` in it is declared at the top level of the file, taking the record as a parameter
tests/golden/check/fixedbugs-311-a-function-word-among-members-names-the-route.hero:19:5: error[reserved_word]: `fn` is not a word in this language — a `variant` holds only its cases, and a `function` in it is declared at the top level of the file, taking the variant as a parameter
tests/golden/check/fixedbugs-311-a-function-word-among-members-names-the-route.hero:24:5: error[reserved_word]: `def` is not a word in this language — a `record` holds only its fields, and a `function` in it is declared at the top level of the file, taking the record as a parameter
tests/golden/check/fixedbugs-311-a-function-word-among-members-names-the-route.hero:29:5: error[reserved_word]: `func` is not a word in this language — a `record` holds only its fields, and a `function` in it is declared at the top level of the file, taking the record as a parameter
tests/golden/check/fixedbugs-311-a-function-word-among-members-names-the-route.hero:32:1: error[reserved_word]: `fn` is not a word in this language — use `function`: `function f(x: i64) -> i64`
tests/golden/check/fixedbugs-311-a-function-word-among-members-names-the-route.hero:36:5: error[reserved_word]: `fn` is not a word in this language — a `function` is declared at the top level of a file, never inside a body or another declaration
