tests/golden/check/fixedbugs-325-a-leading-zero-before-a-dot-that-opens-no-fraction.hero:9:11: error[leading_zero]: `07` starts with a zero, and this language reads no meaning into that
tests/golden/check/fixedbugs-325-a-leading-zero-before-a-dot-that-opens-no-fraction.hero:9:14: error[expected_field_name]: expected a field or function name after `.`, found `.` — `..` writes a range in other languages, and here a range is `range(from: a, to: b)`, which stops before `to`
