tests/golden/check/fixedbugs-551-a-receiver-the-call-gives-no-type-is-told-so.hero:22:11: error[cannot_infer]: `ok(…)` takes its type from the type the context asks for, and the value written before `.h(…)` asks for none: its type is read first, to know what the call names
tests/golden/check/fixedbugs-551-a-receiver-the-call-gives-no-type-is-told-so.hero:23:11: error[cannot_infer]: `fail(…)` takes its type from the type the context asks for, and the value written before `.h(…)` asks for none: its type is read first, to know what the call names
tests/golden/check/fixedbugs-551-a-receiver-the-call-gives-no-type-is-told-so.hero:24:11: error[cannot_infer]: `[]` takes its type from the type the context asks for, and the value written before `.count(…)` asks for none: its type is read first, to know what the call names
tests/golden/check/fixedbugs-551-a-receiver-the-call-gives-no-type-is-told-so.hero:25:11: error[cannot_infer]: `ok(…)` takes its type from the type the context asks for, and the value written before `.plus(…)` asks for none: its type is read first, to know what the call names
