tests/golden/check/fixedbugs-131-a-sigil-before-a-name-is-one-message.hero:18:9: error[expected_expression]: expected an expression, found `@` before `sum` — a name is written bare, and a mutation writes it first and `@` after it: `sum @ e`
tests/golden/check/fixedbugs-131-a-sigil-before-a-name-is-one-message.hero:25:5: error[expected_expression]: expected an expression, found `@` before `v` — a name is written bare, and a mutation writes it first and `@` after it: `v @ e`
tests/golden/check/fixedbugs-131-a-sigil-before-a-name-is-one-message.hero:27:5: error[expected_expression]: expected an expression, found `@` before `p` — a name is written bare, and a mutation writes it first and `@` after it: `p @ e`
tests/golden/check/fixedbugs-131-a-sigil-before-a-name-is-one-message.hero:29:5: error[expected_expression]: expected an expression, found `@` before `xs` — a name is written bare, and a mutation writes it first and `@` after it: `xs @ e`
tests/golden/check/fixedbugs-131-a-sigil-before-a-name-is-one-message.hero:36:5: error[expected_expression]: expected an expression, found `@` before `v` — a name is written bare, and a mutation writes it first and `@` after it: `v @ e`
tests/golden/check/fixedbugs-131-a-sigil-before-a-name-is-one-message.hero:37:5: error[expected_expression]: expected an expression, found `@` before `v` — a name is written bare, and a mutation writes it first and `@` after it: `v @ e`
tests/golden/check/fixedbugs-131-a-sigil-before-a-name-is-one-message.hero:47:5: error[expected_expression]: expected an expression, found `@` before `count` — a name is written bare, and a mutation writes it first and `@` after it: `count @ e`
tests/golden/check/fixedbugs-131-a-sigil-before-a-name-is-one-message.hero:52:5: error[expected_expression]: expected an expression, found `@` before `count` — a name is written bare, and a mutation writes it first and `@` after it: `count @ e`
tests/golden/check/fixedbugs-131-a-sigil-before-a-name-is-one-message.hero:56:5: error[expected_expression]: expected an expression, found `@` before `count` — a name is written bare, and a mutation writes it first and `@` after it: `count @ e`
tests/golden/check/fixedbugs-131-a-sigil-before-a-name-is-one-message.hero:64:14: error[expected_expression]: expected an expression, found `@` before `v` — a name is written bare, and a mutation writes it first and `@` after it: `v @ e`
tests/golden/check/fixedbugs-131-a-sigil-before-a-name-is-one-message.hero:66:13: error[expected_expression]: expected an expression, found `@` before `v` — a name is written bare, and a mutation writes it first and `@` after it: `v @ e`
tests/golden/check/fixedbugs-131-a-sigil-before-a-name-is-one-message.hero:67:14: error[expected_expression]: expected an expression, found `@` before `v` — a name is written bare, and a mutation writes it first and `@` after it: `v @ e`
tests/golden/check/fixedbugs-131-a-sigil-before-a-name-is-one-message.hero:73:5: error[expected_expression]: expected an expression, found `@` before `_` — `_` is written bare: `_ = e` discards a value on purpose
tests/golden/check/fixedbugs-131-a-sigil-before-a-name-is-one-message.hero:74:5: error[expected_expression]: expected an expression, found `@` before `w` — a name is declared bare, and `@` after its type makes the cell mutable: `w: <type> @ <value>`
