tests/golden/check/fixedbugs-199-a-failed-heads-stray-closer-is-told.hero:17:13: error[expected_expression]: expected an expression, found `)` — a value, a name, a call, `[`, `{`, `.case`, `if`, `match`, or `???`
tests/golden/check/fixedbugs-199-a-failed-heads-stray-closer-is-told.hero:17:15: error[expected_end_of_line]: expected the end of the line, found `)` — one statement per line, no semicolons
tests/golden/check/fixedbugs-199-a-failed-heads-stray-closer-is-told.hero:21:16: error[expected_expression]: expected an expression, found `)` — a value, a name, a call, `[`, `{`, `.case`, `if`, `match`, or `???`
tests/golden/check/fixedbugs-199-a-failed-heads-stray-closer-is-told.hero:21:18: error[expected_end_of_line]: expected the end of the line, found `)` — one statement per line, no semicolons
tests/golden/check/fixedbugs-199-a-failed-heads-stray-closer-is-told.hero:25:20: error[expected_expression]: expected an expression, found `)` — a value, a name, a call, `[`, `{`, `.case`, `if`, `match`, or `???`
tests/golden/check/fixedbugs-199-a-failed-heads-stray-closer-is-told.hero:25:23: error[expected_end_of_line]: expected the end of the line, found `)` — one statement per line, no semicolons
tests/golden/check/fixedbugs-199-a-failed-heads-stray-closer-is-told.hero:29:20: error[expected_expression]: expected an expression, found `)` — a value, a name, a call, `[`, `{`, `.case`, `if`, `match`, or `???`
tests/golden/check/fixedbugs-199-a-failed-heads-stray-closer-is-told.hero:29:22: error[expected_end_of_line]: expected the end of the line, found `)` — one statement per line, no semicolons
tests/golden/check/fixedbugs-199-a-failed-heads-stray-closer-is-told.hero:36:18: error[expected_expression]: expected an expression, found `)` — a value, a name, a call, `[`, `{`, `.case`, `if`, `match`, or `???`
tests/golden/check/fixedbugs-199-a-failed-heads-stray-closer-is-told.hero:36:20: error[expected_end_of_line]: expected the end of the line, found `)` — one statement per line, no semicolons
tests/golden/check/fixedbugs-199-a-failed-heads-stray-closer-is-told.hero:40:12: error[expected_expression]: expected an expression, found `)` — a value, a name, a call, `[`, `{`, `.case`, `if`, `match`, or `???`
tests/golden/check/fixedbugs-199-a-failed-heads-stray-closer-is-told.hero:40:14: error[expected_end_of_line]: expected the end of the line, found `)` — one statement per line, no semicolons
tests/golden/check/fixedbugs-199-a-failed-heads-stray-closer-is-told.hero:44:13: error[expected_expression]: expected an expression, found `)` — a value, a name, a call, `[`, `{`, `.case`, `if`, `match`, or `???`
tests/golden/check/fixedbugs-199-a-failed-heads-stray-closer-is-told.hero:44:15: error[expected_end_of_line]: expected the end of the line, found `]` — one statement per line, no semicolons
tests/golden/check/fixedbugs-199-a-failed-heads-stray-closer-is-told.hero:48:12: error[expected_expression]: expected an expression, found `)` — a value, a name, a call, `[`, `{`, `.case`, `if`, `match`, or `???`
tests/golden/check/fixedbugs-199-a-failed-heads-stray-closer-is-told.hero:48:14: error[expected_end_of_line]: expected the end of the line, found `)` — one statement per line, no semicolons
tests/golden/check/fixedbugs-199-a-failed-heads-stray-closer-is-told.hero:52:13: error[expected_expression]: expected an expression, found `)` — a value, a name, a call, `[`, `{`, `.case`, `if`, `match`, or `???`
tests/golden/check/fixedbugs-199-a-failed-heads-stray-closer-is-told.hero:52:15: error[expected_end_of_line]: expected the end of the line, found `)` — one statement per line, no semicolons
tests/golden/check/fixedbugs-199-a-failed-heads-stray-closer-is-told.hero:53:5: error[missing_body]: an `if` needs an indented body — one level deeper, exactly 4 spaces (found a name (`print`))
tests/golden/check/fixedbugs-199-a-failed-heads-stray-closer-is-told.hero:56:13: error[expected_expression]: expected an expression, found `)` — a value, a name, a call, `[`, `{`, `.case`, `if`, `match`, or `???`
tests/golden/check/fixedbugs-199-a-failed-heads-stray-closer-is-told.hero:56:15: error[expected_end_of_line]: expected the end of the line, found `)` — one statement per line, no semicolons
tests/golden/check/fixedbugs-199-a-failed-heads-stray-closer-is-told.hero:56:17: error[missing_body]: an `if` needs an indented body — one level deeper, exactly 4 spaces (found `{`)
tests/golden/check/fixedbugs-199-a-failed-heads-stray-closer-is-told.hero:61:13: error[expected_expression]: expected an expression, found `)` — a value, a name, a call, `[`, `{`, `.case`, `if`, `match`, or `???`
tests/golden/check/fixedbugs-199-a-failed-heads-stray-closer-is-told.hero:61:15: error[expected_end_of_line]: expected the end of the line, found `)` — one statement per line, no semicolons
