tests/golden/check/fixedbugs-129-joins-whose-literal-the-operator-takes.hero:14:9: error[continuation_outside_brackets]: a line outside brackets ends its statement, and this one cannot end with `-`: the next line goes on with it at the same margin, where a new statement begins; write the statement on one line, or break it inside parentheses
tests/golden/check/fixedbugs-129-joins-whose-literal-the-operator-takes.hero:17:9: error[continuation_outside_brackets]: a line outside brackets ends its statement, and this one cannot end with `-`: the next line goes on with it at the same margin, where a new statement begins; write the statement on one line, or break it inside parentheses
tests/golden/check/fixedbugs-129-joins-whose-literal-the-operator-takes.hero:23:11: error[continuation_outside_brackets]: a line outside brackets ends its statement, and this one cannot end with `+`: the next line goes on with it at the same margin, where a new statement begins; write the statement on one line, or break it inside parentheses
tests/golden/check/fixedbugs-129-joins-whose-literal-the-operator-takes.hero:29:11: error[continuation_outside_brackets]: a line outside brackets ends its statement, and this one cannot end with `&&`: the next line goes on with it at the same margin, where a new statement begins; write the statement on one line, or break it inside parentheses
tests/golden/check/fixedbugs-129-joins-whose-literal-the-operator-takes.hero:35:11: error[continuation_outside_brackets]: a line outside brackets ends its statement, and this one cannot end with `&&`: the next line goes on with it at the same margin, where a new statement begins; write the statement on one line, or break it inside parentheses
tests/golden/check/fixedbugs-129-joins-whose-literal-the-operator-takes.hero:37:5: error[continuation_outside_brackets]: a line outside brackets ends its statement, and this one cannot begin with `==`: it goes on with the line above, which ended its statement at the same margin; write the statement on one line, or break it after an operator inside parentheses
tests/golden/check/fixedbugs-129-joins-whose-literal-the-operator-takes.hero:42:11: error[continuation_outside_brackets]: a line outside brackets ends its statement, and this one cannot end with `+`: the next line goes on with it at the same margin, where a new statement begins; write the statement on one line, or break it inside parentheses
tests/golden/check/fixedbugs-129-joins-whose-literal-the-operator-takes.hero:48:5: error[continuation_outside_brackets]: a line outside brackets ends its statement, and this one cannot begin with `*`: it goes on with the line above, which ended its statement at the same margin; write the statement on one line, or break it after an operator inside parentheses
tests/golden/check/fixedbugs-129-joins-whose-literal-the-operator-takes.hero:53:5: error[continuation_outside_brackets]: a line outside brackets ends its statement, and this one cannot begin with `+`: it goes on with the line above, which ended its statement at the same margin; write the statement on one line, or break it after an operator inside parentheses
tests/golden/check/fixedbugs-129-joins-whose-literal-the-operator-takes.hero:58:5: error[continuation_outside_brackets]: a line outside brackets ends its statement, and this one cannot end with `while`: the next line goes on with it at the same margin, where a new statement begins; write the statement on one line, or break it inside parentheses
