tests/golden/check/fixedbugs-195-a-line-a-recovery-hands-on-is-told-once.hero:19:1: error[expected_declaration]: expected a declaration, found an indented block — every top-level line starts with its kind: `use`, `constant`, `function`, `record`, `variant`, `test "…"`, or `extern`
tests/golden/check/fixedbugs-195-a-line-a-recovery-hands-on-is-told-once.hero:20:15: error[expected_end_of_line]: expected the end of the line, found `)` — one statement per line, no semicolons
tests/golden/check/fixedbugs-195-a-line-a-recovery-hands-on-is-told-once.hero:23:1: error[expected_declaration]: expected a declaration, found an indented block — every top-level line starts with its kind: `use`, `constant`, `function`, `record`, `variant`, `test "…"`, or `extern`
tests/golden/check/fixedbugs-195-a-line-a-recovery-hands-on-is-told-once.hero:24:16: error[expected_end_of_line]: expected the end of the line after the field `x`, found `)` — one field per line, `name: type`
tests/golden/check/fixedbugs-195-a-line-a-recovery-hands-on-is-told-once.hero:28:1: error[expected_declaration]: expected a declaration, found an indented block — every top-level line starts with its kind: `use`, `constant`, `function`, `record`, `variant`, `test "…"`, or `extern`
tests/golden/check/fixedbugs-195-a-line-a-recovery-hands-on-is-told-once.hero:31:1: error[missing_body]: the `function` `h` needs an indented body — one level deeper, exactly 4 spaces (found the end of the block)
tests/golden/check/fixedbugs-195-a-line-a-recovery-hands-on-is-told-once.hero:35:37: error[expected_arm_arrow]: expected `=>` and the arm's value, found end of line
tests/golden/check/fixedbugs-195-a-line-a-recovery-hands-on-is-told-once.hero:44:41: error[expected_arm_arrow]: expected `=>` and the arm's value, found end of line
tests/golden/check/fixedbugs-195-a-line-a-recovery-hands-on-is-told-once.hero:45:10: error[expected_end_of_line]: expected the end of the line, found `)` — one statement per line, no semicolons
tests/golden/check/fixedbugs-195-a-line-a-recovery-hands-on-is-told-once.hero:50:5: error[expected_expression]: expected an expression, found `=>` — a value, a name, a call, `[`, `{`, `.case`, `if`, `match`, or `???`
tests/golden/check/fixedbugs-195-a-line-a-recovery-hands-on-is-told-once.hero:58:5: error[expected_expression]: expected an expression, found `=>` — a value, a name, a call, `[`, `{`, `.case`, `if`, `match`, or `???`
