tests/golden/check/fixedbugs-130-a-closer-past-a-statement-that-ended-with-its-block-is-told-once.hero:18:18: error[expected_expression]: expected an expression, found `)` — a value, a name, a call, `[`, `{`, `.case`, `if`, `match`, or `???`
tests/golden/check/fixedbugs-130-a-closer-past-a-statement-that-ended-with-its-block-is-told-once.hero:19:11: error[expected_end_of_line]: expected the end of the line, found `)` — one statement per line, no semicolons
tests/golden/check/fixedbugs-130-a-closer-past-a-statement-that-ended-with-its-block-is-told-once.hero:21:18: error[expected_expression]: expected an expression, found `)` — a value, a name, a call, `[`, `{`, `.case`, `if`, `match`, or `???`
tests/golden/check/fixedbugs-130-a-closer-past-a-statement-that-ended-with-its-block-is-told-once.hero:21:20: error[expected_end_of_line]: expected the end of the line, found `)` — one statement per line, no semicolons
tests/golden/check/fixedbugs-130-a-closer-past-a-statement-that-ended-with-its-block-is-told-once.hero:22:11: error[expected_end_of_line]: expected the end of the line, found `)` — one statement per line, no semicolons
tests/golden/check/fixedbugs-130-a-closer-past-a-statement-that-ended-with-its-block-is-told-once.hero:23:12: error[expected_expression]: expected an expression, found `)` — a value, a name, a call, `[`, `{`, `.case`, `if`, `match`, or `???`
tests/golden/check/fixedbugs-130-a-closer-past-a-statement-that-ended-with-its-block-is-told-once.hero:24:15: error[expected_end_of_line]: expected the end of the line, found `)` — one statement per line, no semicolons
tests/golden/check/fixedbugs-130-a-closer-past-a-statement-that-ended-with-its-block-is-told-once.hero:25:11: error[expected_end_of_line]: expected the end of the line, found `)` — one statement per line, no semicolons
tests/golden/check/fixedbugs-130-a-closer-past-a-statement-that-ended-with-its-block-is-told-once.hero:28:22: error[expected_expression]: expected an expression, found `)` — a value, a name, a call, `[`, `{`, `.case`, `if`, `match`, or `???`
tests/golden/check/fixedbugs-130-a-closer-past-a-statement-that-ended-with-its-block-is-told-once.hero:29:11: error[expected_end_of_line]: expected the end of the line, found `)` — one statement per line, no semicolons
tests/golden/check/fixedbugs-130-a-closer-past-a-statement-that-ended-with-its-block-is-told-once.hero:33:18: error[expected_expression]: expected an expression, found `)` — a value, a name, a call, `[`, `{`, `.case`, `if`, `match`, or `???`
tests/golden/check/fixedbugs-130-a-closer-past-a-statement-that-ended-with-its-block-is-told-once.hero:34:11: error[expected_end_of_line]: expected the end of the line, found `)` — one statement per line, no semicolons
tests/golden/check/fixedbugs-130-a-closer-past-a-statement-that-ended-with-its-block-is-told-once.hero:36:9: error[expected_pattern]: expected a pattern, found `+` — `.case`, `.case name`, `_` (on `i64`/`str` only), or an integer, a string or a character, with an optional `-`
tests/golden/check/fixedbugs-130-a-closer-past-a-statement-that-ended-with-its-block-is-told-once.hero:36:23: error[expected_end_of_line]: expected the end of the line, found `)` — one statement per line, no semicolons
tests/golden/check/fixedbugs-130-a-closer-past-a-statement-that-ended-with-its-block-is-told-once.hero:38:11: error[expected_end_of_line]: expected the end of the line, found `)` — one statement per line, no semicolons
tests/golden/check/fixedbugs-130-a-closer-past-a-statement-that-ended-with-its-block-is-told-once.hero:40:19: error[expected_expression]: expected an expression, found `)` — a value, a name, a call, `[`, `{`, `.case`, `if`, `match`, or `???`
tests/golden/check/fixedbugs-130-a-closer-past-a-statement-that-ended-with-its-block-is-told-once.hero:40:21: error[expected_end_of_line]: expected the end of the line, found `)` — one statement per line, no semicolons
tests/golden/check/fixedbugs-130-a-closer-past-a-statement-that-ended-with-its-block-is-told-once.hero:42:11: error[expected_end_of_line]: expected the end of the line, found `)` — one statement per line, no semicolons
