tests/golden/check/fixedbugs-407-a-template-over-lines-is-told-once.hero:18:11: error[unexpected_character]: `` `v=${x}… ``, over 2 lines, is JavaScript's template literal, and backticks are not part of the language's syntax — a value goes into a string through a hole of an `f"…"` literal, on one line, a line break in its text written `\n`: `f"v={x}\nand more"`
tests/golden/check/fixedbugs-407-a-template-over-lines-is-told-once.hero:23:11: error[unexpected_character]: `` `… ``, over 5 lines, is JavaScript's template literal, and backticks are not part of the language's syntax — a value goes into a string through a hole of an `f"…"` literal, on one line, a line break in its text written `\n`: `f"\n        SELECT name\n        FROM users\n        WHERE id = {id}\n    "`
tests/golden/check/fixedbugs-407-a-template-over-lines-is-told-once.hero:31:11: error[unexpected_character]: `` `first line… ``, over 2 lines, is a string in backticks, which are not part of the language's syntax — a string is written in double quotes, on one line, a line break in its text written `\n`: `"first line\n    second line"`
tests/golden/check/fixedbugs-407-a-template-over-lines-is-told-once.hero:37:11: error[unexpected_character]: `` `a ${… ``, over 3 lines, is JavaScript's template literal, and backticks are not part of the language's syntax — a value goes into a string through a hole of an `f"…"` literal, on one line, a line break in its text written `\n`
tests/golden/check/fixedbugs-407-a-template-over-lines-is-told-once.hero:45:11: error[unexpected_character]: `` `one \… ``, over 2 lines, is a string in backticks, which are not part of the language's syntax — a string is written in double quotes, on one line, a line break in its text written `\n`: `"one two"`
tests/golden/check/fixedbugs-407-a-template-over-lines-is-told-once.hero:52:14: error[unexpected_character]: `` `a${x}… ``, over 2 lines, is JavaScript's template literal, and backticks are not part of the language's syntax — a value goes into a string through a hole of an `f"…"` literal, on one line, a line break in its text written `\n`: `f"a{x}\nb"`
