tests/golden/check/fixedbugs-548-a-call-left-open-over-a-list-never-closed-is-told-once.hero:28:5: error[expected_args_close]: expected `)`, or `,` and another argument, found a name (`print`) — the line below a call's arguments is none of them: the `[` still open on the line above, at column 14, and the `(` it stands in, close on a line above, so write `])` there
tests/golden/check/fixedbugs-548-a-call-left-open-over-a-list-never-closed-is-told-once.hero:29:11: error[expected_end_of_line]: expected the end of the line, found `)` — one statement per line, no semicolons
tests/golden/check/fixedbugs-548-a-call-left-open-over-a-list-never-closed-is-told-once.hero:34:5: error[expected_args_close]: expected `)`, or `,` and another argument, found a name (`print`) — the line below a call's arguments is none of them: the `[` still open on the line above, at column 11, and the `(` it stands in, close on a line above, so write `])` there
tests/golden/check/fixedbugs-548-a-call-left-open-over-a-list-never-closed-is-told-once.hero:35:11: error[expected_end_of_line]: expected the end of the line, found `)` — one statement per line, no semicolons
tests/golden/check/fixedbugs-548-a-call-left-open-over-a-list-never-closed-is-told-once.hero:40:5: error[expected_args_close]: expected `)`, or `,` and another argument, found a name (`print`) — the line below a call's arguments is none of them: the `{` still open on the line above, at column 11, and the `(` it stands in, close on a line above, so write `})` there
tests/golden/check/fixedbugs-548-a-call-left-open-over-a-list-never-closed-is-told-once.hero:41:11: error[expected_end_of_line]: expected the end of the line, found `)` — one statement per line, no semicolons
tests/golden/check/fixedbugs-548-a-call-left-open-over-a-list-never-closed-is-told-once.hero:46:5: error[expected_args_close]: expected `)`, or `,` and another argument, found a name (`print`) — the line below a call's arguments is none of them: the `[` still open on the line above, at column 13, and the `(` and the `(` it stands in, close on a line above, so write `]))` there
tests/golden/check/fixedbugs-548-a-call-left-open-over-a-list-never-closed-is-told-once.hero:47:11: error[expected_end_of_line]: expected the end of the line, found `)` — one statement per line, no semicolons
tests/golden/check/fixedbugs-548-a-call-left-open-over-a-list-never-closed-is-told-once.hero:52:7: error[expected_separator]: expected `,` or a new line between one element and the next, found `=` — a binding is no element: the `[` still open on the line above, at column 14, and the `(` it stands in, close on a line above, so write `])` there
tests/golden/check/fixedbugs-548-a-call-left-open-over-a-list-never-closed-is-told-once.hero:52:11: error[expected_end_of_line]: expected the end of the line, found `))` — one statement per line, no semicolons
