tests/golden/check/fixedbugs-131-a-body-missing-inside-a-bracket-left-open-is-told.hero:9:10: error[unclosed_bracket]: `(` opened here is never closed
tests/golden/check/fixedbugs-131-a-body-missing-inside-a-bracket-left-open-is-told.hero:11:5: error[missing_body]: an `if` needs an indented body — one level deeper, exactly 4 spaces (found `return`)
tests/golden/check/fixedbugs-131-a-body-missing-inside-a-bracket-left-open-is-told.hero:15:5: error[missing_body]: an `if` needs an indented body — one level deeper, exactly 4 spaces (found `return`)
