tests/golden/check/line-end-before-continuation.hero:18:9: error[line_end_before_continuation]: a line end stands before `*`: the line above ends with a name (`n`), which keeps its line end, and inside brackets a line end may stand only before a closing bracket or a `,`; to break the line here, end the line above with `*`
tests/golden/check/line-end-before-continuation.hero:22:9: error[line_end_before_continuation]: a line end stands before `-`: the line above ends with `)`, which keeps its line end, and inside brackets a line end may stand only before a closing bracket or a `,`; to break the line here, end the line above with `-`
tests/golden/check/line-end-before-continuation.hero:25:9: error[line_end_before_continuation]: a line end stands before `:`: the line above ends with a name (`name`), which keeps its line end, and inside brackets a line end may stand only before a closing bracket or a `,`; to break the line here, end the line above with `:`
tests/golden/check/line-end-before-continuation.hero:29:9: error[line_end_before_continuation]: a line end stands before `?`: the line above ends with a name (`i64`), which keeps its line end, and inside brackets a line end may stand only before a closing bracket or a `,`; to break the line here, end the line above with `?`
tests/golden/check/line-end-before-continuation.hero:36:9: error[line_end_before_continuation]: a line end stands before `->`: the line above ends with `)`, which keeps its line end, and inside brackets a line end may stand only before a closing bracket or a `,`; to break the line here, end the line above with `->`
tests/golden/check/line-end-before-continuation.hero:42:9: error[line_end_before_continuation]: a line end stands before `+`: the line above ends with a name (`x`), which keeps its line end, and inside brackets a line end may stand only before a closing bracket or a `,`; to break the line here, end the line above with `+`
tests/golden/check/line-end-before-continuation.hero:44:9: error[line_end_before_continuation]: a line end stands before `*`: the line above ends with a number (`2`), which keeps its line end, and inside brackets a line end may stand only before a closing bracket or a `,`; to break the line here, end the line above with `*`
tests/golden/check/line-end-before-continuation.hero:46:9: error[line_end_before_continuation]: a line end stands before `:`: the line above ends with a string (`"ada"`), which keeps its line end, and inside brackets a line end may stand only before a closing bracket or a `,`; to break the line here, end the line above with `:`
tests/golden/check/line-end-before-continuation.hero:52:9: error[line_end_before_continuation]: a line end stands before `:`: the line above ends with a name (`x`), which keeps its line end, and inside brackets a line end may stand only before a closing bracket or a `,`; to break the line here, end the line above with `:`
