tests/golden/check/panel-187-a-closer-the-lexer-pairs-with-another-opener.hero:16:11: error[unclosed_bracket]: `(` opened here is still open at line 19, where `function` begins a line no bracket can hold
tests/golden/check/panel-187-a-closer-the-lexer-pairs-with-another-opener.hero:16:15: error[unclosed_bracket]: `(` opened here is still open at line 19, where `function` begins a line no bracket can hold
tests/golden/check/panel-187-a-closer-the-lexer-pairs-with-another-opener.hero:16:29: error[expected_function_type_params_close]: expected `)`, or `,` and another parameter type, found `->` — a function type closes its parameters before its `->`, `function(i64) -> i64`: the `)` written past the result goes there
