tests/golden/check/panel-183-a-statement-inside-a-bracket-closed-below-is-the-rules-known-cost.hero:14:15: error[unclosed_bracket]: `(` opened here is never closed
tests/golden/check/panel-183-a-statement-inside-a-bracket-closed-below-is-the-rules-known-cost.hero:23:10: error[unclosed_bracket]: `(` opened here is never closed
tests/golden/check/panel-183-a-statement-inside-a-bracket-closed-below-is-the-rules-known-cost.hero:34:10: error[unclosed_bracket]: `(` opened here is never closed
tests/golden/check/panel-183-a-statement-inside-a-bracket-closed-below-is-the-rules-known-cost.hero:51:10: error[unclosed_bracket]: `(` opened here is never closed
tests/golden/check/panel-183-a-statement-inside-a-bracket-closed-below-is-the-rules-known-cost.hero:18:10: error[expected_end_of_line]: expected the end of the line, found `)` — one statement per line, no semicolons
tests/golden/check/panel-183-a-statement-inside-a-bracket-closed-below-is-the-rules-known-cost.hero:27:5: error[expected_expression]: expected an expression, found `)` — a value, a name, a call, `[`, `{`, `.case`, `if`, `match`, or `???`
tests/golden/check/panel-183-a-statement-inside-a-bracket-closed-below-is-the-rules-known-cost.hero:36:1: error[expected_expression]: expected an expression, found the end of the block — a value, a name, a call, `[`, `{`, `.case`, `if`, `match`, or `???`
tests/golden/check/panel-183-a-statement-inside-a-bracket-closed-below-is-the-rules-known-cost.hero:36:1: error[expected_declaration]: expected a declaration, found `if` — every top-level line starts with its kind: `use`, `constant`, `function`, `record`, `variant`, `test "…"`, or `extern`
tests/golden/check/panel-183-a-statement-inside-a-bracket-closed-below-is-the-rules-known-cost.hero:39:1: error[expected_declaration]: expected a declaration, found `else` — every top-level line starts with its kind: `use`, `constant`, `function`, `record`, `variant`, `test "…"`, or `extern`
tests/golden/check/panel-183-a-statement-inside-a-bracket-closed-below-is-the-rules-known-cost.hero:41:5: error[expected_expression]: expected an expression, found `)` — a value, a name, a call, `[`, `{`, `.case`, `if`, `match`, or `???`
tests/golden/check/panel-183-a-statement-inside-a-bracket-closed-below-is-the-rules-known-cost.hero:52:5: error[expected_expression]: expected an expression, found `@` before `y` — a name is read bare, `y`, and `@` before one marks only an argument lent to a mutable parameter, `f(@y)`
tests/golden/check/panel-183-a-statement-inside-a-bracket-closed-below-is-the-rules-known-cost.hero:53:13: error[expected_end_of_line]: expected the end of the line, found `)` — one statement per line, no semicolons
