tests/golden/check/panel-187-arms-inside-a-bracket-left-open-are-told-again.hero:16:24: error[unclosed_bracket]: `[` opened here is still open at line 20, where `function` begins a line no bracket can hold
tests/golden/check/panel-187-arms-inside-a-bracket-left-open-are-told-again.hero:22:15: error[unclosed_bracket]: `(` opened here is still open at line 24, where the name `print` begins a line after one that ended without a `,`
tests/golden/check/panel-187-arms-inside-a-bracket-left-open-are-told-again.hero:27:9: error[unclosed_bracket]: `[` opened here is still open at line 31, where `return` begins a line no bracket can hold
