tests/golden/check/unterminated.hero:2:9: error[unterminated_string]: this string never closes — strings are single-line, `"` to `"`
tests/golden/check/unterminated.hero:3:9: error[char_literal]: a character literal holds exactly one character — one ASCII character ('a', '0', ' ') or one escape ('\n', '\t') — `'ab'` does not
tests/golden/check/unterminated.hero:4:11: error[unexpected_character]: `&` is not part of the language's syntax (ASCII-only)
