tests/golden/permissive/fixedbugs-445-the-control-arm-refuses-a-control-byte-no-windows-file-holds.hero:11:8: error[unwritable_name]: this header's name holds the control character U+0009, which no file's name on Windows can hold and no message can show: write the name without it, as `extern "math.h"`
tests/golden/permissive/fixedbugs-445-the-control-arm-refuses-a-control-byte-no-windows-file-holds.hero:14:8: error[unwritable_name]: this header's name holds the control character U+0001, which no file's name on Windows can hold and no message can show: write the name without it, as `extern "math.h"`
tests/golden/permissive/fixedbugs-445-the-control-arm-refuses-a-control-byte-no-windows-file-holds.hero:17:23: error[unwritable_name]: this library's name holds the control character U+001F, which no file's name on Windows can hold and no message can show: write the name without it, as `link "m"`
tests/golden/permissive/fixedbugs-445-the-control-arm-refuses-a-control-byte-no-windows-file-holds.hero:20:26: error[unwritable_name]: this package's name holds the control character U+001B, which no file's name on Windows can hold and no message can show: write the name without it, as `package "raylib"`
