tests/golden/permissive/fixedbugs-251-the-control-arm-keeps-refusing-what-a-reader-cannot-see.hero:8:13: error[invisible_character]: this string holds the control character U+001B written as itself, which no screen shows and a terminal acts on: a string writes it by its code, as `\u{1b}`
tests/golden/permissive/fixedbugs-251-the-control-arm-keeps-refusing-what-a-reader-cannot-see.hero:9:13: error[raw_tab]: a tab written as itself inside a string: it reads as spaces, so the next reader retypes it as spaces, and a tab is written `\t`
tests/golden/permissive/fixedbugs-251-the-control-arm-keeps-refusing-what-a-reader-cannot-see.hero:10:13: error[nul_in_string]: this string holds a NUL written as itself, which no screen shows, and no escape writes one: a `str` that must hold a NUL is built from bytes as the program runs, a `[u8]` read by `validated_bytes()`
tests/golden/permissive/fixedbugs-251-the-control-arm-keeps-refusing-what-a-reader-cannot-see.hero:12:8: error[invisible_character]: this comment holds the control character U+001B written as itself, which no screen shows and a terminal acts on: write its name instead, `<U+001B>`
tests/golden/permissive/fixedbugs-251-the-control-arm-keeps-refusing-what-a-reader-cannot-see.hero:13:12: error[escape_spelling]: `\u{1B}` is written `\u{1b}`: an escape by code is spelled in lowercase hexadecimal with no leading zero, its one spelling
tests/golden/permissive/fixedbugs-251-the-control-arm-keeps-refusing-what-a-reader-cannot-see.hero:13:18: error[escape_not_needed]: `\u{41}` writes `A`, which a string holds as itself: write `A`
